Archive member included to satisfy reference by file (symbol)

.\CortexM3\ARM_GCC_541\Debug\Synthesizer.a(CyDmac.o)
                              .\CortexM3\ARM_GCC_541\Debug\Cm3Start.o (CyDmacConfigure)
.\CortexM3\ARM_GCC_541\Debug\Synthesizer.a(CyLib.o)
                              .\CortexM3\ARM_GCC_541\Debug\Cm3Start.o (CyHalt)
.\CortexM3\ARM_GCC_541\Debug\Synthesizer.a(cyPm.o)
                              .\CortexM3\ARM_GCC_541\Debug\Synthesizer.a(CyLib.o) (CyPmReadStatus)
.\CortexM3\ARM_GCC_541\Debug\Synthesizer.a(WaveDAC8_2.o)
                              .\CortexM3\ARM_GCC_541\Debug\Helpers.o (WaveDAC8_2_Stop)
.\CortexM3\ARM_GCC_541\Debug\Synthesizer.a(WaveDAC8_3.o)
                              .\CortexM3\ARM_GCC_541\Debug\Helpers.o (WaveDAC8_3_Stop)
.\CortexM3\ARM_GCC_541\Debug\Synthesizer.a(WaveDAC8_1.o)
                              .\CortexM3\ARM_GCC_541\Debug\Helpers.o (WaveDAC8_1_Stop)
.\CortexM3\ARM_GCC_541\Debug\Synthesizer.a(WaveDAC8_2_DacClk.o)
                              .\CortexM3\ARM_GCC_541\Debug\Synthesizer.a(WaveDAC8_2.o) (WaveDAC8_2_DacClk_Start)
.\CortexM3\ARM_GCC_541\Debug\Synthesizer.a(WaveDAC8_2_Wave1_DMA_dma.o)
                              .\CortexM3\ARM_GCC_541\Debug\Synthesizer.a(WaveDAC8_2.o) (WaveDAC8_2_Wave1_DMA_DmaInitialize)
.\CortexM3\ARM_GCC_541\Debug\Synthesizer.a(WaveDAC8_2_Wave2_DMA_dma.o)
                              .\CortexM3\ARM_GCC_541\Debug\Synthesizer.a(WaveDAC8_2.o) (WaveDAC8_2_Wave2_DMA_DmaInitialize)
.\CortexM3\ARM_GCC_541\Debug\Synthesizer.a(WaveDAC8_2_VDAC8.o)
                              .\CortexM3\ARM_GCC_541\Debug\Synthesizer.a(WaveDAC8_2.o) (WaveDAC8_2_VDAC8_Enable)
.\CortexM3\ARM_GCC_541\Debug\Synthesizer.a(WaveDAC8_3_DacClk.o)
                              .\CortexM3\ARM_GCC_541\Debug\Synthesizer.a(WaveDAC8_3.o) (WaveDAC8_3_DacClk_Start)
.\CortexM3\ARM_GCC_541\Debug\Synthesizer.a(WaveDAC8_3_Wave1_DMA_dma.o)
                              .\CortexM3\ARM_GCC_541\Debug\Synthesizer.a(WaveDAC8_3.o) (WaveDAC8_3_Wave1_DMA_DmaInitialize)
.\CortexM3\ARM_GCC_541\Debug\Synthesizer.a(WaveDAC8_3_Wave2_DMA_dma.o)
                              .\CortexM3\ARM_GCC_541\Debug\Synthesizer.a(WaveDAC8_3.o) (WaveDAC8_3_Wave2_DMA_DmaInitialize)
.\CortexM3\ARM_GCC_541\Debug\Synthesizer.a(WaveDAC8_3_VDAC8.o)
                              .\CortexM3\ARM_GCC_541\Debug\Synthesizer.a(WaveDAC8_3.o) (WaveDAC8_3_VDAC8_Enable)
.\CortexM3\ARM_GCC_541\Debug\Synthesizer.a(WaveDAC8_1_DacClk.o)
                              .\CortexM3\ARM_GCC_541\Debug\Synthesizer.a(WaveDAC8_1.o) (WaveDAC8_1_DacClk_Start)
.\CortexM3\ARM_GCC_541\Debug\Synthesizer.a(WaveDAC8_1_Wave1_DMA_dma.o)
                              .\CortexM3\ARM_GCC_541\Debug\Synthesizer.a(WaveDAC8_1.o) (WaveDAC8_1_Wave1_DMA_DmaInitialize)
.\CortexM3\ARM_GCC_541\Debug\Synthesizer.a(WaveDAC8_1_Wave2_DMA_dma.o)
                              .\CortexM3\ARM_GCC_541\Debug\Synthesizer.a(WaveDAC8_1.o) (WaveDAC8_1_Wave2_DMA_DmaInitialize)
.\CortexM3\ARM_GCC_541\Debug\Synthesizer.a(WaveDAC8_1_VDAC8.o)
                              .\CortexM3\ARM_GCC_541\Debug\Synthesizer.a(WaveDAC8_1.o) (WaveDAC8_1_VDAC8_Enable)
.\CortexM3\ARM_GCC_541\Debug\Synthesizer.a(WaveDAC8_4.o)
                              .\CortexM3\ARM_GCC_541\Debug\Helpers.o (WaveDAC8_4_Stop)
.\CortexM3\ARM_GCC_541\Debug\Synthesizer.a(WaveDAC8_4_DacClk.o)
                              .\CortexM3\ARM_GCC_541\Debug\Synthesizer.a(WaveDAC8_4.o) (WaveDAC8_4_DacClk_Start)
.\CortexM3\ARM_GCC_541\Debug\Synthesizer.a(WaveDAC8_4_Wave1_DMA_dma.o)
                              .\CortexM3\ARM_GCC_541\Debug\Synthesizer.a(WaveDAC8_4.o) (WaveDAC8_4_Wave1_DMA_DmaInitialize)
.\CortexM3\ARM_GCC_541\Debug\Synthesizer.a(WaveDAC8_4_Wave2_DMA_dma.o)
                              .\CortexM3\ARM_GCC_541\Debug\Synthesizer.a(WaveDAC8_4.o) (WaveDAC8_4_Wave2_DMA_DmaInitialize)
.\CortexM3\ARM_GCC_541\Debug\Synthesizer.a(WaveDAC8_4_VDAC8.o)
                              .\CortexM3\ARM_GCC_541\Debug\Synthesizer.a(WaveDAC8_4.o) (WaveDAC8_4_VDAC8_Enable)
.\CortexM3\ARM_GCC_541\Debug\Synthesizer.a(CyBootAsmGnu.o)
                              .\CortexM3\ARM_GCC_541\Debug\cyfitter_cfg.o (CyDelayCycles)
.\CortexM3\ARM_GCC_541\Debug\Synthesizer.a(CyFlash.o)
                              .\CortexM3\ARM_GCC_541\Debug\Synthesizer.a(cyPm.o) (CyFlash_SetWaitCycles)
.\CortexM3\ARM_GCC_541\Debug\Synthesizer.a(CySpc.o)
                              .\CortexM3\ARM_GCC_541\Debug\Synthesizer.a(CyFlash.o) (CySpcStart)
c:/program files (x86)/cypress/psoc creator/4.4/psoc creator/import/gnu/arm/5.4.1/bin/../lib/gcc/arm-none-eabi/5.4.1/../../../../arm-none-eabi/lib/armv7-m\libg_nano.a(lib_a-errno.o)
                              .\CortexM3\ARM_GCC_541\Debug\Cm3Start.o (__errno)
c:/program files (x86)/cypress/psoc creator/4.4/psoc creator/import/gnu/arm/5.4.1/bin/../lib/gcc/arm-none-eabi/5.4.1/../../../../arm-none-eabi/lib/armv7-m\libg_nano.a(lib_a-exit.o)
[...]
Memory Configuration

Name             Origin             Length             Attributes
rom              0x00000000         0x00040000         xr
ram              0x1fff8000         0x00010000         xrw
*default*        0x00000000         0xffffffff

Linker script and memory map

LOAD c:/program files (x86)/cypress/psoc creator/4.4/psoc creator/import/gnu/arm/5.4.1/bin/../lib/gcc/arm-none-eabi/5.4.1/armv7-m/crti.o
LOAD c:/program files (x86)/cypress/psoc creator/4.4/psoc creator/import/gnu/arm/5.4.1/bin/../lib/gcc/arm-none-eabi/5.4.1/armv7-m/crtbegin.o
LOAD c:/program files (x86)/cypress/psoc creator/4.4/psoc creator/import/gnu/arm/5.4.1/bin/../lib/gcc/arm-none-eabi/5.4.1/../../../../arm-none-eabi/lib/armv7-m/crt0.o
START GROUP
LOAD .\CortexM3\ARM_GCC_541\Debug\main.o
LOAD .\CortexM3\ARM_GCC_541\Debug\Music_Pieces.o
LOAD .\CortexM3\ARM_GCC_541\Debug\Helpers.o
LOAD .\CortexM3\ARM_GCC_541\Debug\cyfitter_cfg.o
LOAD .\CortexM3\ARM_GCC_541\Debug\cymetadata.o
LOAD .\CortexM3\ARM_GCC_541\Debug\Cm3Start.o
LOAD .\CortexM3\ARM_GCC_541\Debug\Synthesizer.a
LOAD C:\Program Files (x86)\Cypress\PSoC Creator\4.4\PSoC Creator\psoc\content\cycomponentlibrary\CyComponentLibrary.cylib\CortexM3\ARM_GCC_541\Debug\CyComponentLibrary.a
END GROUP
START GROUP
LOAD c:/program files (x86)/cypress/psoc creator/4.4/psoc creator/import/gnu/arm/5.4.1/bin/../lib/gcc/arm-none-eabi/5.4.1/armv7-m\libgcc.a
LOAD c:/program files (x86)/cypress/psoc creator/4.4/psoc creator/import/gnu/arm/5.4.1/bin/../lib/gcc/arm-none-eabi/5.4.1/../../../../arm-none-eabi/lib/armv7-m\libg_nano.a
LOAD c:/program files (x86)/cypress/psoc creator/4.4/psoc creator/import/gnu/arm/5.4.1/bin/../lib/gcc/arm-none-eabi/5.4.1/../../../../arm-none-eabi/lib/armv7-m\libc_nano.a
END GROUP
START GROUP
LOAD c:/program files (x86)/cypress/psoc creator/4.4/psoc creator/import/gnu/arm/5.4.1/bin/../lib/gcc/arm-none-eabi/5.4.1/armv7-m\libgcc.a
LOAD c:/program files (x86)/cypress/psoc creator/4.4/psoc creator/import/gnu/arm/5.4.1/bin/../lib/gcc/arm-none-eabi/5.4.1/../../../../arm-none-eabi/lib/armv7-m\libc_nano.a
END GROUP
LOAD c:/program files (x86)/cypress/psoc creator/4.4/psoc creator/import/gnu/arm/5.4.1/bin/../lib/gcc/arm-none-eabi/5.4.1/armv7-m/crtend.o
LOAD c:/program files (x86)/cypress/psoc creator/4.4/psoc creator/import/gnu/arm/5.4.1/bin/../lib/gcc/arm-none-eabi/5.4.1/armv7-m/crtn.o
START GROUP
LOAD c:/program files (x86)/cypress/psoc creator/4.4/psoc creator/import/gnu/arm/5.4.1/bin/../lib/gcc/arm-none-eabi/5.4.1/armv7-m\libgcc.a
LOAD c:/program files (x86)/cypress/psoc creator/4.4/psoc creator/import/gnu/arm/5.4.1/bin/../lib/gcc/arm-none-eabi/5.4.1/../../../../arm-none-eabi/lib/armv7-m\libc.a
LOAD c:/program files (x86)/cypress/psoc creator/4.4/psoc creator/import/gnu/arm/5.4.1/bin/../lib/gcc/arm-none-eabi/5.4.1/../../../../arm-none-eabi/lib/armv7-m\libnosys.a
END GROUP
                0x00000000                CY_APPL_ORIGIN = 0x0
                0x00000100                CY_FLASH_ROW_SIZE = 0x100
                0x00000020                CY_ECC_ROW_SIZE = 0x20
                0x00000000                CY_EE_IN_BTLDR = 0x0
                0x00000000                CY_APPL_LOADABLE = 0x0
                0x00000800                CY_EE_SIZE = 0x800
                0x00000001                CY_APPL_NUM = 0x1
                0x00000001                CY_APPL_MAX = 0x1
                0x00000040                CY_METADATA_SIZE = 0x40
                0x00000000                CY_APPL_LOADABLE = 0x0
                0x00000000                CY_CHECKSUM_EXCLUDE_SIZE = ALIGN (0x0, CY_FLASH_ROW_SIZE)
                [!provide]                PROVIDE (__cy_heap_start, _end)
                0x00000001                PROVIDE (__cy_region_num, ((__cy_regions_end - __cy_regions) / 0x10))
                0x20008000                PROVIDE (__cy_stack, (ORIGIN (ram) + LENGTH (ram)))
                [!provide]                PROVIDE (__cy_heap_end, (__cy_stack - 0x800))

.cybootloader   0x00000000        0x0
 *(.cybootloader)
                0x00000000                appl1_start = CY_APPL_ORIGIN?CY_APPL_ORIGIN:ALIGN (CY_FLASH_ROW_SIZE)
                0x0001ff00                appl2_start = (appl1_start + ALIGN ((((LENGTH (rom) - appl1_start) - (0x2 * CY_FLASH_ROW_SIZE)) / 0x2), CY_FLASH_ROW_SIZE))
                0x00000000                appl_start = (CY_APPL_NUM == 0x1)?appl1_start:appl2_start
                0x00000000                ecc_offset = ((appl_start / CY_FLASH_ROW_SIZE) * CY_ECC_ROW_SIZE)
                0x00000000                ee_offset = (CY_APPL_LOADABLE && ! (CY_EE_IN_BTLDR))?((CY_EE_SIZE / CY_APPL_MAX) * (CY_APPL_NUM - 0x1)):0x0
                0x00000800                ee_size = (CY_APPL_LOADABLE && ! (CY_EE_IN_BTLDR))?(CY_EE_SIZE / CY_APPL_MAX):CY_EE_SIZE
                [!provide]                PROVIDE (CY_ECC_OFFSET, ecc_offset)

.text           0x00000000     0x1516
 CREATE_OBJECT_SYMBOLS
                0x00000000                PROVIDE (__cy_interrupt_vector, RomVectors)
 *(.romvectors)
 .romvectors    0x00000000       0x10 .\CortexM3\ARM_GCC_541\Debug\Cm3Start.o
                0x00000000                RomVectors
                0x00000001                ASSERT ((. != __cy_interrupt_vector), No interrupt vector)
                0x00000001                ASSERT (CY_APPL_ORIGIN?(SIZEOF (.cybootloader) <= CY_APPL_ORIGIN):0x1, Wrong image location)
                0x00000010                PROVIDE (__cy_reset, Reset)
 *(.text.Reset)
 .text.Reset    0x00000010       0x18 .\CortexM3\ARM_GCC_541\Debug\Cm3Start.o
                0x00000010                Reset
                0x00000001                ASSERT ((. != __cy_reset), No reset code)
 *(.dma_init)
                0x00000001                ASSERT ((((appl_start + .) <= 0x10000) || 0x1), DMA Init must be within the first 64k of flash)
 *(.text .text.* .gnu.linkonce.t.*)
 .text          0x00000028       0x5c c:/program files (x86)/cypress/psoc creator/4.4/psoc creator/import/gnu/arm/5.4.1/bin/../lib/gcc/arm-none-eabi/5.4.1/armv7-m/crtbegin.o
 .text.play_Pice
                0x00000084        0xc .\CortexM3\ARM_GCC_541\Debug\main.o
                0x00000084                play_Pice
 .text.main     0x00000090       0x24 .\CortexM3\ARM_GCC_541\Debug\main.o
                0x00000090                main
 .text.play_Narcotic
                0x000000b4      0x36c .\CortexM3\ARM_GCC_541\Debug\Music_Pieces.o
                0x000000b4                play_Narcotic
 .text.playTone
                0x00000420       0x38 .\CortexM3\ARM_GCC_541\Debug\Helpers.o
                0x00000420                playTone
 .text.sleep_DACs
                0x00000458       0x2c .\CortexM3\ARM_GCC_541\Debug\Helpers.o
                0x00000458                sleep_DACs
 .text.init_dacs
                0x00000484       0x14 .\CortexM3\ARM_GCC_541\Debug\Helpers.o
                0x00000484                init_dacs
 .text.CyClockStartupError
                0x00000498        0x4 .\CortexM3\ARM_GCC_541\Debug\cyfitter_cfg.o
 .text.cfg_write_bytes32
                0x0000049c       0x34 .\CortexM3\ARM_GCC_541\Debug\cyfitter_cfg.o
 .text.AnalogSetDefault
                0x000004d0       0x50 .\CortexM3\ARM_GCC_541\Debug\cyfitter_cfg.o
 .text.CYMEMZERO
                0x00000520        0xc .\CortexM3\ARM_GCC_541\Debug\cyfitter_cfg.o
 .text.ClockSetup
                0x0000052c       0xd8 .\CortexM3\ARM_GCC_541\Debug\cyfitter_cfg.o
 .text.CYCONFIGCPY
                0x00000604        0x8 .\CortexM3\ARM_GCC_541\Debug\cyfitter_cfg.o
 .text.cyfitter_cfg
                0x0000060c      0x124 .\CortexM3\ARM_GCC_541\Debug\cyfitter_cfg.o
                0x0000060c                cyfitter_cfg
 .text.IntDefaultHandler
                0x00000730       0x10 .\CortexM3\ARM_GCC_541\Debug\Cm3Start.o
                0x00000730                IntDefaultHandler
 .text.Start_c  0x00000740       0x4c .\CortexM3\ARM_GCC_541\Debug\Cm3Start.o
                0x00000740                Start_c
 .text.initialize_psoc
                0x0000078c       0x6c .\CortexM3\ARM_GCC_541\Debug\Cm3Start.o
                0x0000078c                initialize_psoc
 .text.CyDmacConfigure
                0x000007f8       0x34 .\CortexM3\ARM_GCC_541\Debug\Synthesizer.a(CyDmac.o)
                0x000007f8                CyDmacConfigure
 .text.CyDmaChEnable
                0x0000082c       0x38 .\CortexM3\ARM_GCC_541\Debug\Synthesizer.a(CyDmac.o)
                0x0000082c                CyDmaChEnable
 .text.CyDmaChDisable
                0x00000864       0x24 .\CortexM3\ARM_GCC_541\Debug\Synthesizer.a(CyDmac.o)
                0x00000864                CyDmaChDisable
 .text.CyDmaChPriority
                0x00000888       0x24 .\CortexM3\ARM_GCC_541\Debug\Synthesizer.a(CyDmac.o)
                0x00000888                CyDmaChPriority
 .text.CyDmaChSetExtendedAddress
                0x000008ac       0x34 .\CortexM3\ARM_GCC_541\Debug\Synthesizer.a(CyDmac.o)
                0x000008ac                CyDmaChSetExtendedAddress
 .text.CyDmaChSetInitialTd
                0x000008e0       0x18 .\CortexM3\ARM_GCC_541\Debug\Synthesizer.a(CyDmac.o)
                0x000008e0                CyDmaChSetInitialTd
 .text.CyDmaChSetConfiguration
                0x000008f8       0x44 .\CortexM3\ARM_GCC_541\Debug\Synthesizer.a(CyDmac.o)
                0x000008f8                CyDmaChSetConfiguration
 .text.CyDmaTdAllocate
                0x0000093c       0x34 .\CortexM3\ARM_GCC_541\Debug\Synthesizer.a(CyDmac.o)
                0x0000093c                CyDmaTdAllocate
 .text.CyDmaTdSetConfiguration
                0x00000970       0x28 .\CortexM3\ARM_GCC_541\Debug\Synthesizer.a(CyDmac.o)
                0x00000970                CyDmaTdSetConfiguration
 .text.CyDmaTdSetAddress
                0x00000998       0x1c .\CortexM3\ARM_GCC_541\Debug\Synthesizer.a(CyDmac.o)
                0x00000998                CyDmaTdSetAddress
 .text.CyDelay  0x000009b4       0x2c .\CortexM3\ARM_GCC_541\Debug\Synthesizer.a(CyLib.o)
                0x000009b4                CyDelay
 .text.WaveDAC8_2_Enable
                0x000009e0       0x28 .\CortexM3\ARM_GCC_541\Debug\Synthesizer.a(WaveDAC8_2.o)
                0x000009e0                WaveDAC8_2_Enable
 .text.WaveDAC8_2_Stop
                0x00000a08       0x20 .\CortexM3\ARM_GCC_541\Debug\Synthesizer.a(WaveDAC8_2.o)
                0x00000a08                WaveDAC8_2_Stop
 .text.WaveDAC8_2_Wave1Setup
                0x00000a28       0x40 .\CortexM3\ARM_GCC_541\Debug\Synthesizer.a(WaveDAC8_2.o)
                0x00000a28                WaveDAC8_2_Wave1Setup
 .text.WaveDAC8_2_Wave2Setup
                0x00000a68       0x40 .\CortexM3\ARM_GCC_541\Debug\Synthesizer.a(WaveDAC8_2.o)
                0x00000a68                WaveDAC8_2_Wave2Setup
 .text.WaveDAC8_2_Init
                0x00000aa8       0x40 .\CortexM3\ARM_GCC_541\Debug\Synthesizer.a(WaveDAC8_2.o)
                0x00000aa8                WaveDAC8_2_Init
 .text.WaveDAC8_2_Start
                0x00000ae8       0x1c .\CortexM3\ARM_GCC_541\Debug\Synthesizer.a(WaveDAC8_2.o)
                0x00000ae8                WaveDAC8_2_Start
 .text.WaveDAC8_3_Enable
                0x00000b04       0x28 .\CortexM3\ARM_GCC_541\Debug\Synthesizer.a(WaveDAC8_3.o)
                0x00000b04                WaveDAC8_3_Enable
 .text.WaveDAC8_3_Stop
                0x00000b2c       0x20 .\CortexM3\ARM_GCC_541\Debug\Synthesizer.a(WaveDAC8_3.o)
                0x00000b2c                WaveDAC8_3_Stop
 .text.WaveDAC8_3_Wave1Setup
                0x00000b4c       0x40 .\CortexM3\ARM_GCC_541\Debug\Synthesizer.a(WaveDAC8_3.o)
                0x00000b4c                WaveDAC8_3_Wave1Setup
 .text.WaveDAC8_3_Wave2Setup
                0x00000b8c       0x40 .\CortexM3\ARM_GCC_541\Debug\Synthesizer.a(WaveDAC8_3.o)
                0x00000b8c                WaveDAC8_3_Wave2Setup
 .text.WaveDAC8_3_Init
                0x00000bcc       0x40 .\CortexM3\ARM_GCC_541\Debug\Synthesizer.a(WaveDAC8_3.o)
                0x00000bcc                WaveDAC8_3_Init
 .text.WaveDAC8_3_Start
                0x00000c0c       0x1c .\CortexM3\ARM_GCC_541\Debug\Synthesizer.a(WaveDAC8_3.o)
                0x00000c0c                WaveDAC8_3_Start
 .text.WaveDAC8_1_Enable
                0x00000c28       0x28 .\CortexM3\ARM_GCC_541\Debug\Synthesizer.a(WaveDAC8_1.o)
                0x00000c28                WaveDAC8_1_Enable
 .text.WaveDAC8_1_Stop
                0x00000c50       0x20 .\CortexM3\ARM_GCC_541\Debug\Synthesizer.a(WaveDAC8_1.o)
                0x00000c50                WaveDAC8_1_Stop
 .text.WaveDAC8_1_Wave1Setup
                0x00000c70       0x40 .\CortexM3\ARM_GCC_541\Debug\Synthesizer.a(WaveDAC8_1.o)
                0x00000c70                WaveDAC8_1_Wave1Setup
 .text.WaveDAC8_1_Wave2Setup
                0x00000cb0       0x40 .\CortexM3\ARM_GCC_541\Debug\Synthesizer.a(WaveDAC8_1.o)
                0x00000cb0                WaveDAC8_1_Wave2Setup
 .text.WaveDAC8_1_Init
                0x00000cf0       0x44 .\CortexM3\ARM_GCC_541\Debug\Synthesizer.a(WaveDAC8_1.o)
                0x00000cf0                WaveDAC8_1_Init
 .text.WaveDAC8_1_Start
                0x00000d34       0x1c .\CortexM3\ARM_GCC_541\Debug\Synthesizer.a(WaveDAC8_1.o)
                0x00000d34                WaveDAC8_1_Start
 .text.WaveDAC8_2_DacClk_Start
                0x00000d50       0x1c .\CortexM3\ARM_GCC_541\Debug\Synthesizer.a(WaveDAC8_2_DacClk.o)
                0x00000d50                WaveDAC8_2_DacClk_Start
 .text.WaveDAC8_2_DacClk_Stop
                0x00000d6c       0x1c .\CortexM3\ARM_GCC_541\Debug\Synthesizer.a(WaveDAC8_2_DacClk.o)
                0x00000d6c                WaveDAC8_2_DacClk_Stop
 .text.WaveDAC8_2_Wave1_DMA_DmaInitialize
                0x00000d88       0x3c .\CortexM3\ARM_GCC_541\Debug\Synthesizer.a(WaveDAC8_2_Wave1_DMA_dma.o)
                0x00000d88                WaveDAC8_2_Wave1_DMA_DmaInitialize
 .text.WaveDAC8_2_Wave2_DMA_DmaInitialize
                0x00000dc4       0x3c .\CortexM3\ARM_GCC_541\Debug\Synthesizer.a(WaveDAC8_2_Wave2_DMA_dma.o)
                0x00000dc4                WaveDAC8_2_Wave2_DMA_DmaInitialize
 .text.WaveDAC8_2_VDAC8_Enable
                0x00000e00       0x1c .\CortexM3\ARM_GCC_541\Debug\Synthesizer.a(WaveDAC8_2_VDAC8.o)
                0x00000e00                WaveDAC8_2_VDAC8_Enable
 .text.WaveDAC8_2_VDAC8_Stop
                0x00000e1c       0x1c .\CortexM3\ARM_GCC_541\Debug\Synthesizer.a(WaveDAC8_2_VDAC8.o)
                0x00000e1c                WaveDAC8_2_VDAC8_Stop
 .text.WaveDAC8_2_VDAC8_SetSpeed
                0x00000e38       0x1c .\CortexM3\ARM_GCC_541\Debug\Synthesizer.a(WaveDAC8_2_VDAC8.o)
                0x00000e38                WaveDAC8_2_VDAC8_SetSpeed
 .text.WaveDAC8_2_VDAC8_SetValue
                0x00000e54        0xc .\CortexM3\ARM_GCC_541\Debug\Synthesizer.a(WaveDAC8_2_VDAC8.o)
                0x00000e54                WaveDAC8_2_VDAC8_SetValue
 .text.WaveDAC8_2_VDAC8_DacTrim
                0x00000e60       0x24 .\CortexM3\ARM_GCC_541\Debug\Synthesizer.a(WaveDAC8_2_VDAC8.o)
                0x00000e60                WaveDAC8_2_VDAC8_DacTrim
 .text.WaveDAC8_2_VDAC8_SetRange
                0x00000e84       0x20 .\CortexM3\ARM_GCC_541\Debug\Synthesizer.a(WaveDAC8_2_VDAC8.o)
                0x00000e84                WaveDAC8_2_VDAC8_SetRange
 .text.WaveDAC8_2_VDAC8_Init
                0x00000ea4       0x2c .\CortexM3\ARM_GCC_541\Debug\Synthesizer.a(WaveDAC8_2_VDAC8.o)
                0x00000ea4                WaveDAC8_2_VDAC8_Init
 .text.WaveDAC8_3_DacClk_Start
                0x00000ed0       0x1c .\CortexM3\ARM_GCC_541\Debug\Synthesizer.a(WaveDAC8_3_DacClk.o)
                0x00000ed0                WaveDAC8_3_DacClk_Start
 .text.WaveDAC8_3_DacClk_Stop
                0x00000eec       0x1c .\CortexM3\ARM_GCC_541\Debug\Synthesizer.a(WaveDAC8_3_DacClk.o)
                0x00000eec                WaveDAC8_3_DacClk_Stop
 .text.WaveDAC8_3_Wave1_DMA_DmaInitialize
                0x00000f08       0x3c .\CortexM3\ARM_GCC_541\Debug\Synthesizer.a(WaveDAC8_3_Wave1_DMA_dma.o)
                0x00000f08                WaveDAC8_3_Wave1_DMA_DmaInitialize
 .text.WaveDAC8_3_Wave2_DMA_DmaInitialize
                0x00000f44       0x3c .\CortexM3\ARM_GCC_541\Debug\Synthesizer.a(WaveDAC8_3_Wave2_DMA_dma.o)
                0x00000f44                WaveDAC8_3_Wave2_DMA_DmaInitialize
 .text.WaveDAC8_3_VDAC8_Enable
                0x00000f80       0x1c .\CortexM3\ARM_GCC_541\Debug\Synthesizer.a(WaveDAC8_3_VDAC8.o)
                0x00000f80                WaveDAC8_3_VDAC8_Enable
 .text.WaveDAC8_3_VDAC8_Stop
                0x00000f9c       0x1c .\CortexM3\ARM_GCC_541\Debug\Synthesizer.a(WaveDAC8_3_VDAC8.o)
                0x00000f9c                WaveDAC8_3_VDAC8_Stop
 .text.WaveDAC8_3_VDAC8_SetSpeed
                0x00000fb8       0x1c .\CortexM3\ARM_GCC_541\Debug\Synthesizer.a(WaveDAC8_3_VDAC8.o)
                0x00000fb8                WaveDAC8_3_VDAC8_SetSpeed
 .text.WaveDAC8_3_VDAC8_SetValue
                0x00000fd4        0xc .\CortexM3\ARM_GCC_541\Debug\Synthesizer.a(WaveDAC8_3_VDAC8.o)
                0x00000fd4                WaveDAC8_3_VDAC8_SetValue
 .text.WaveDAC8_3_VDAC8_DacTrim
                0x00000fe0       0x24 .\CortexM3\ARM_GCC_541\Debug\Synthesizer.a(WaveDAC8_3_VDAC8.o)
                0x00000fe0                WaveDAC8_3_VDAC8_DacTrim
 .text.WaveDAC8_3_VDAC8_SetRange
                0x00001004       0x20 .\CortexM3\ARM_GCC_541\Debug\Synthesizer.a(WaveDAC8_3_VDAC8.o)
                0x00001004                WaveDAC8_3_VDAC8_SetRange
 .text.WaveDAC8_3_VDAC8_Init
                0x00001024       0x2c .\CortexM3\ARM_GCC_541\Debug\Synthesizer.a(WaveDAC8_3_VDAC8.o)
                0x00001024                WaveDAC8_3_VDAC8_Init
 .text.WaveDAC8_1_DacClk_Start
                0x00001050       0x1c .\CortexM3\ARM_GCC_541\Debug\Synthesizer.a(WaveDAC8_1_DacClk.o)
                0x00001050                WaveDAC8_1_DacClk_Start
 .text.WaveDAC8_1_DacClk_Stop
                0x0000106c       0x1c .\CortexM3\ARM_GCC_541\Debug\Synthesizer.a(WaveDAC8_1_DacClk.o)
                0x0000106c                WaveDAC8_1_DacClk_Stop
 .text.WaveDAC8_1_Wave1_DMA_DmaInitialize
                0x00001088       0x3c .\CortexM3\ARM_GCC_541\Debug\Synthesizer.a(WaveDAC8_1_Wave1_DMA_dma.o)
                0x00001088                WaveDAC8_1_Wave1_DMA_DmaInitialize
 .text.WaveDAC8_1_Wave2_DMA_DmaInitialize
                0x000010c4       0x3c .\CortexM3\ARM_GCC_541\Debug\Synthesizer.a(WaveDAC8_1_Wave2_DMA_dma.o)
                0x000010c4                WaveDAC8_1_Wave2_DMA_DmaInitialize
 .text.WaveDAC8_1_VDAC8_Enable
                0x00001100       0x1c .\CortexM3\ARM_GCC_541\Debug\Synthesizer.a(WaveDAC8_1_VDAC8.o)
                0x00001100                WaveDAC8_1_VDAC8_Enable
 .text.WaveDAC8_1_VDAC8_Stop
                0x0000111c       0x1c .\CortexM3\ARM_GCC_541\Debug\Synthesizer.a(WaveDAC8_1_VDAC8.o)
                0x0000111c                WaveDAC8_1_VDAC8_Stop
 .text.WaveDAC8_1_VDAC8_SetSpeed
                0x00001138       0x1c .\CortexM3\ARM_GCC_541\Debug\Synthesizer.a(WaveDAC8_1_VDAC8.o)
                0x00001138                WaveDAC8_1_VDAC8_SetSpeed
 .text.WaveDAC8_1_VDAC8_SetValue
                0x00001154        0xc .\CortexM3\ARM_GCC_541\Debug\Synthesizer.a(WaveDAC8_1_VDAC8.o)
                0x00001154                WaveDAC8_1_VDAC8_SetValue
 .text.WaveDAC8_1_VDAC8_DacTrim
                0x00001160       0x24 .\CortexM3\ARM_GCC_541\Debug\Synthesizer.a(WaveDAC8_1_VDAC8.o)
                0x00001160                WaveDAC8_1_VDAC8_DacTrim
 .text.WaveDAC8_1_VDAC8_SetRange
                0x00001184       0x20 .\CortexM3\ARM_GCC_541\Debug\Synthesizer.a(WaveDAC8_1_VDAC8.o)
                0x00001184                WaveDAC8_1_VDAC8_SetRange
 .text.WaveDAC8_1_VDAC8_Init
                0x000011a4       0x2c .\CortexM3\ARM_GCC_541\Debug\Synthesizer.a(WaveDAC8_1_VDAC8.o)
                0x000011a4                WaveDAC8_1_VDAC8_Init
 .text.WaveDAC8_4_Enable
                0x000011d0       0x28 .\CortexM3\ARM_GCC_541\Debug\Synthesizer.a(WaveDAC8_4.o)
                0x000011d0                WaveDAC8_4_Enable
 .text.WaveDAC8_4_Stop
                0x000011f8       0x20 .\CortexM3\ARM_GCC_541\Debug\Synthesizer.a(WaveDAC8_4.o)
                0x000011f8                WaveDAC8_4_Stop
 .text.WaveDAC8_4_Wave1Setup
                0x00001218       0x40 .\CortexM3\ARM_GCC_541\Debug\Synthesizer.a(WaveDAC8_4.o)
                0x00001218                WaveDAC8_4_Wave1Setup
 .text.WaveDAC8_4_Wave2Setup
                0x00001258       0x40 .\CortexM3\ARM_GCC_541\Debug\Synthesizer.a(WaveDAC8_4.o)
                0x00001258                WaveDAC8_4_Wave2Setup
 .text.WaveDAC8_4_Init
                0x00001298       0x40 .\CortexM3\ARM_GCC_541\Debug\Synthesizer.a(WaveDAC8_4.o)
                0x00001298                WaveDAC8_4_Init
 .text.WaveDAC8_4_Start
                0x000012d8       0x1c .\CortexM3\ARM_GCC_541\Debug\Synthesizer.a(WaveDAC8_4.o)
                0x000012d8                WaveDAC8_4_Start
 .text.WaveDAC8_4_DacClk_Start
                0x000012f4       0x1c .\CortexM3\ARM_GCC_541\Debug\Synthesizer.a(WaveDAC8_4_DacClk.o)
                0x000012f4                WaveDAC8_4_DacClk_Start
 .text.WaveDAC8_4_DacClk_Stop
                0x00001310       0x1c .\CortexM3\ARM_GCC_541\Debug\Synthesizer.a(WaveDAC8_4_DacClk.o)
                0x00001310                WaveDAC8_4_DacClk_Stop
 .text.WaveDAC8_4_Wave1_DMA_DmaInitialize
                0x0000132c       0x3c .\CortexM3\ARM_GCC_541\Debug\Synthesizer.a(WaveDAC8_4_Wave1_DMA_dma.o)
                0x0000132c                WaveDAC8_4_Wave1_DMA_DmaInitialize
 .text.WaveDAC8_4_Wave2_DMA_DmaInitialize
                0x00001368       0x3c .\CortexM3\ARM_GCC_541\Debug\Synthesizer.a(WaveDAC8_4_Wave2_DMA_dma.o)
                0x00001368                WaveDAC8_4_Wave2_DMA_DmaInitialize
 .text.WaveDAC8_4_VDAC8_Enable
                0x000013a4       0x1c .\CortexM3\ARM_GCC_541\Debug\Synthesizer.a(WaveDAC8_4_VDAC8.o)
                0x000013a4                WaveDAC8_4_VDAC8_Enable
 .text.WaveDAC8_4_VDAC8_Stop
                0x000013c0       0x1c .\CortexM3\ARM_GCC_541\Debug\Synthesizer.a(WaveDAC8_4_VDAC8.o)
                0x000013c0                WaveDAC8_4_VDAC8_Stop
 .text.WaveDAC8_4_VDAC8_SetSpeed
                0x000013dc       0x1c .\CortexM3\ARM_GCC_541\Debug\Synthesizer.a(WaveDAC8_4_VDAC8.o)
                0x000013dc                WaveDAC8_4_VDAC8_SetSpeed
 .text.WaveDAC8_4_VDAC8_SetValue
                0x000013f8        0xc .\CortexM3\ARM_GCC_541\Debug\Synthesizer.a(WaveDAC8_4_VDAC8.o)
                0x000013f8                WaveDAC8_4_VDAC8_SetValue
 .text.WaveDAC8_4_VDAC8_DacTrim
                0x00001404       0x24 .\CortexM3\ARM_GCC_541\Debug\Synthesizer.a(WaveDAC8_4_VDAC8.o)
                0x00001404                WaveDAC8_4_VDAC8_DacTrim
 .text.WaveDAC8_4_VDAC8_SetRange
                0x00001428       0x20 .\CortexM3\ARM_GCC_541\Debug\Synthesizer.a(WaveDAC8_4_VDAC8.o)
                0x00001428                WaveDAC8_4_VDAC8_SetRange
 .text.WaveDAC8_4_VDAC8_Init
                0x00001448       0x2c .\CortexM3\ARM_GCC_541\Debug\Synthesizer.a(WaveDAC8_4_VDAC8.o)
                0x00001448                WaveDAC8_4_VDAC8_Init
 *fill*         0x00001474        0x4 
 .text          0x00001478       0x20 .\CortexM3\ARM_GCC_541\Debug\Synthesizer.a(CyBootAsmGnu.o)
                0x00001478                CyDelayCycles
                0x00001488                CyEnterCriticalSection
                0x00001490                CyExitCriticalSection
 .text.__errno  0x00001498        0xc c:/program files (x86)/cypress/psoc creator/4.4/psoc creator/import/gnu/arm/5.4.1/bin/../lib/gcc/arm-none-eabi/5.4.1/../../../../arm-none-eabi/lib/armv7-m\libg_nano.a(lib_a-errno.o)
                0x00001498                __errno
 .text.__libc_init_array
                0x000014a4       0x4c c:/program files (x86)/cypress/psoc creator/4.4/psoc creator/import/gnu/arm/5.4.1/bin/../lib/gcc/arm-none-eabi/5.4.1/../../../../arm-none-eabi/lib/armv7-m\libg_nano.a(lib_a-init.o)
                0x000014a4                __libc_init_array
 .text.memcpy   0x000014f0       0x16 c:/program files (x86)/cypress/psoc creator/4.4/psoc creator/import/gnu/arm/5.4.1/bin/../lib/gcc/arm-none-eabi/5.4.1/../../../../arm-none-eabi/lib/armv7-m\libg_nano.a(lib_a-memcpy-stub.o)
                0x000014f0                memcpy
 .text.memset   0x00001506       0x10 c:/program files (x86)/cypress/psoc creator/4.4/psoc creator/import/gnu/arm/5.4.1/bin/../lib/gcc/arm-none-eabi/5.4.1/../../../../arm-none-eabi/lib/armv7-m\libg_nano.a(lib_a-memset.o)
                0x00001506                memset
 *(.plt)
 *(.gnu.warning)
 *(.glue_7t)
 .glue_7t       0x00001516        0x0 linker stubs
 *(.glue_7)
 .glue_7        0x00001516        0x0 linker stubs
 *(.vfp11_veneer)
 .vfp11_veneer  0x00001516        0x0 linker stubs
 *(.bootloader)
 *(.ARM.extab* .gnu.linkonce.armextab.*)
 *(.gcc_except_table)

.v4_bx          0x00001518        0x0
 .v4_bx         0x00001518        0x0 linker stubs

.iplt           0x00001518        0x0
 .iplt          0x00001518        0x0 c:/program files (x86)/cypress/psoc creator/4.4/psoc creator/import/gnu/arm/5.4.1/bin/../lib/gcc/arm-none-eabi/5.4.1/armv7-m/crtbegin.o

.eh_frame_hdr
 *(.eh_frame_hdr)

.eh_frame       0x00001518        0x4
 *(.eh_frame)
 .eh_frame      0x00001518        0x0 c:/program files (x86)/cypress/psoc creator/4.4/psoc creator/import/gnu/arm/5.4.1/bin/../lib/gcc/arm-none-eabi/5.4.1/armv7-m/crtbegin.o
 .eh_frame      0x00001518        0x4 c:/program files (x86)/cypress/psoc creator/4.4/psoc creator/import/gnu/arm/5.4.1/bin/../lib/gcc/arm-none-eabi/5.4.1/armv7-m/crtend.o
                [!provide]                PROVIDE (__exidx_start, .)

.ARM.exidx
 *(.ARM.exidx* .gnu.linkonce.armexidx.*)
                0x0000151c                __exidx_end = .

.rodata         0x0000151c     0x17b4
 *(.rodata .rodata.* .gnu.linkonce.r.*)
 .rodata        0x0000151c       0x30 .\CortexM3\ARM_GCC_541\Debug\cyfitter_cfg.o
 .rodata        0x0000154c      0x228 .\CortexM3\ARM_GCC_541\Debug\Synthesizer.a(WaveDAC8_2.o)
                0x0000154c                WaveDAC8_2_wave1
                0x00001710                WaveDAC8_2_wave2
 .rodata        0x00001774      0x120 .\CortexM3\ARM_GCC_541\Debug\Synthesizer.a(WaveDAC8_3.o)
                0x00001774                WaveDAC8_3_wave1
                0x00001830                WaveDAC8_3_wave2
 .rodata        0x00001894     0x132c .\CortexM3\ARM_GCC_541\Debug\Synthesizer.a(WaveDAC8_1.o)
                0x00001894                WaveDAC8_1_wave1
                0x00001c20                WaveDAC8_1_wave2
 .rodata        0x00002bc0       0xd8 .\CortexM3\ARM_GCC_541\Debug\Synthesizer.a(WaveDAC8_4.o)
                0x00002bc0                WaveDAC8_4_wave1
                0x00002c34                WaveDAC8_4_wave2
 .rodata.str1.1
                0x00002c98        0x2 c:/program files (x86)/cypress/psoc creator/4.4/psoc creator/import/gnu/arm/5.4.1/bin/../lib/gcc/arm-none-eabi/5.4.1/../../../../arm-none-eabi/lib/armv7-m\libg_nano.a(lib_a-impure.o)
                0x00002c9c                . = ALIGN (0x4)
 *fill*         0x00002c9a        0x2 
 *(.init)
 .init          0x00002c9c        0x4 c:/program files (x86)/cypress/psoc creator/4.4/psoc creator/import/gnu/arm/5.4.1/bin/../lib/gcc/arm-none-eabi/5.4.1/armv7-m/crti.o
                0x00002c9c                _init
 .init          0x00002ca0        0x8 c:/program files (x86)/cypress/psoc creator/4.4/psoc creator/import/gnu/arm/5.4.1/bin/../lib/gcc/arm-none-eabi/5.4.1/armv7-m/crtn.o
                0x00002ca8                . = ALIGN (0x4)
                0x00002ca8                __preinit_array_start = .
 *(.preinit_array)
                0x00002ca8                __preinit_array_end = .
                0x00002ca8                . = ALIGN (0x4)
                0x00002ca8                __init_array_start = .
 *(SORT(.init_array.*))
 *(.init_array)
 .init_array    0x00002ca8        0x4 c:/program files (x86)/cypress/psoc creator/4.4/psoc creator/import/gnu/arm/5.4.1/bin/../lib/gcc/arm-none-eabi/5.4.1/armv7-m/crtbegin.o
 .init_array    0x00002cac        0x4 .\CortexM3\ARM_GCC_541\Debug\Cm3Start.o
                0x00002cb0                __init_array_end = .
                0x00002cb0                . = ALIGN (0x4)
 *(.fini)
 .fini          0x00002cb0        0x4 c:/program files (x86)/cypress/psoc creator/4.4/psoc creator/import/gnu/arm/5.4.1/bin/../lib/gcc/arm-none-eabi/5.4.1/armv7-m/crti.o
                0x00002cb0                _fini
 .fini          0x00002cb4        0x8 c:/program files (x86)/cypress/psoc creator/4.4/psoc creator/import/gnu/arm/5.4.1/bin/../lib/gcc/arm-none-eabi/5.4.1/armv7-m/crtn.o
                0x00002cbc                . = ALIGN (0x4)
                0x00002cbc                __fini_array_start = .
 *(.fini_array)
 .fini_array    0x00002cbc        0x4 c:/program files (x86)/cypress/psoc creator/4.4/psoc creator/import/gnu/arm/5.4.1/bin/../lib/gcc/arm-none-eabi/5.4.1/armv7-m/crtbegin.o
 *(SORT(.fini_array.*))
                0x00002cc0                __fini_array_end = .
                0x00002cc0                . = ALIGN (0x4)
 *crtbegin.o(.ctors)
 *(EXCLUDE_FILE(*crtend.o) .ctors)
 *(SORT(.ctors.*))
 *crtend.o(.ctors)
                0x00002cc0                . = ALIGN (0x4)
 *crtbegin.o(.dtors)
 *(EXCLUDE_FILE(*crtend.o) .dtors)
 *(SORT(.dtors.*))
 *crtend.o(.dtors)
                0x00002cc0                . = ALIGN (0x4)
                0x00002cc0                __cy_regions = .
                0x00002cc0        0x4 LONG 0x2cd0 __cy_region_init_ram
                0x00002cc4        0x4 LONG 0x1fff80c8 __cy_region_start_data
                0x00002cc8        0x4 LONG 0x160 __cy_region_init_size_ram
                0x00002ccc        0x4 LONG 0x30 __cy_region_zero_size_ram
                0x00002cd0                __cy_regions_end = .
                0x00002cd0                . = ALIGN (0x8)
                0x00002cd0                _etext = .

.cy_checksum_exclude
                0x00002cd0        0x0
 *(.cy_checksum_exclude)

.ramvectors     0x1fff8000       0xc0
                0x1fff8000                __cy_region_start_ram = .
 *(.ramvectors)
 .ramvectors    0x1fff8000       0xc0 .\CortexM3\ARM_GCC_541\Debug\Cm3Start.o
                0x1fff8000                CyRamVectors

.noinit         0x1fff80c0        0x1
 *(.noinit)
 .noinit        0x1fff80c0        0x1 .\CortexM3\ARM_GCC_541\Debug\Synthesizer.a(CyLib.o)
                0x1fff80c0                CyResetStatus

.data           0x1fff80c8      0x160 load address 0x00002cd0
                0x1fff80c8                __cy_region_start_data = .
 *(.jcr)
 .jcr           0x1fff80c8        0x0 c:/program files (x86)/cypress/psoc creator/4.4/psoc creator/import/gnu/arm/5.4.1/bin/../lib/gcc/arm-none-eabi/5.4.1/armv7-m/crtbegin.o
 .jcr           0x1fff80c8        0x4 c:/program files (x86)/cypress/psoc creator/4.4/psoc creator/import/gnu/arm/5.4.1/bin/../lib/gcc/arm-none-eabi/5.4.1/armv7-m/crtend.o
 *(.got.plt)
 *(.got)
 *(.shdata)
 *(.data .data.* .gnu.linkonce.d.*)
 .data          0x1fff80cc        0x4 .\CortexM3\ARM_GCC_541\Debug\Music_Pieces.o
                0x1fff80cc                idle_sleep
 .data          0x1fff80d0       0xd0 .\CortexM3\ARM_GCC_541\Debug\Helpers.o
                0x1fff80d0                tones
 .data          0x1fff81a0        0x8 .\CortexM3\ARM_GCC_541\Debug\Synthesizer.a(CyDmac.o)
 .data          0x1fff81a8       0x10 .\CortexM3\ARM_GCC_541\Debug\Synthesizer.a(CyLib.o)
                0x1fff81a8                cydelay_32k_ms
                0x1fff81ac                cydelay_freq_khz
                0x1fff81b0                cydelay_freq_mhz
                0x1fff81b4                cydelay_freq_hz
 .data          0x1fff81b8        0x1 .\CortexM3\ARM_GCC_541\Debug\Synthesizer.a(WaveDAC8_2_Wave1_DMA_dma.o)
                0x1fff81b8                WaveDAC8_2_Wave1_DMA_DmaHandle
 .data          0x1fff81b9        0x1 .\CortexM3\ARM_GCC_541\Debug\Synthesizer.a(WaveDAC8_2_Wave2_DMA_dma.o)
                0x1fff81b9                WaveDAC8_2_Wave2_DMA_DmaHandle
 .data          0x1fff81ba        0x1 .\CortexM3\ARM_GCC_541\Debug\Synthesizer.a(WaveDAC8_3_Wave1_DMA_dma.o)
                0x1fff81ba                WaveDAC8_3_Wave1_DMA_DmaHandle
 .data          0x1fff81bb        0x1 .\CortexM3\ARM_GCC_541\Debug\Synthesizer.a(WaveDAC8_3_Wave2_DMA_dma.o)
                0x1fff81bb                WaveDAC8_3_Wave2_DMA_DmaHandle
 .data          0x1fff81bc        0x1 .\CortexM3\ARM_GCC_541\Debug\Synthesizer.a(WaveDAC8_1_Wave1_DMA_dma.o)
                0x1fff81bc                WaveDAC8_1_Wave1_DMA_DmaHandle
 .data          0x1fff81bd        0x1 .\CortexM3\ARM_GCC_541\Debug\Synthesizer.a(WaveDAC8_1_Wave2_DMA_dma.o)
                0x1fff81bd                WaveDAC8_1_Wave2_DMA_DmaHandle
 .data          0x1fff81be        0x1 .\CortexM3\ARM_GCC_541\Debug\Synthesizer.a(WaveDAC8_4_Wave1_DMA_dma.o)
                0x1fff81be                WaveDAC8_4_Wave1_DMA_DmaHandle
 .data          0x1fff81bf        0x1 .\CortexM3\ARM_GCC_541\Debug\Synthesizer.a(WaveDAC8_4_Wave2_DMA_dma.o)
                0x1fff81bf                WaveDAC8_4_Wave2_DMA_DmaHandle
 .data.impure_data
                0x1fff81c0       0x60 c:/program files (x86)/cypress/psoc creator/4.4/psoc creator/import/gnu/arm/5.4.1/bin/../lib/gcc/arm-none-eabi/5.4.1/../../../../arm-none-eabi/lib/armv7-m\libg_nano.a(lib_a-impure.o)
 .data._impure_ptr
                0x1fff8220        0x4 c:/program files (x86)/cypress/psoc creator/4.4/psoc creator/import/gnu/arm/5.4.1/bin/../lib/gcc/arm-none-eabi/5.4.1/../../../../arm-none-eabi/lib/armv7-m\libg_nano.a(lib_a-impure.o)
                0x1fff8220                _impure_ptr
                0x1fff8228                . = ALIGN (0x8)
 *fill*         0x1fff8224        0x4 
 *(.ram)
                0x1fff8228                _edata = .

.igot.plt       0x1fff8228        0x0 load address 0x00002e30
 .igot.plt      0x1fff8228        0x0 c:/program files (x86)/cypress/psoc creator/4.4/psoc creator/import/gnu/arm/5.4.1/bin/../lib/gcc/arm-none-eabi/5.4.1/armv7-m/crtbegin.o

.bss            0x1fff8228       0x30 load address 0x00002e30
                0x1fff8228                PROVIDE (__bss_start__, .)
 *(.shbss)
 *(.bss .bss.* .gnu.linkonce.b.*)
 .bss           0x1fff8228       0x1c c:/program files (x86)/cypress/psoc creator/4.4/psoc creator/import/gnu/arm/5.4.1/bin/../lib/gcc/arm-none-eabi/5.4.1/armv7-m/crtbegin.o
 .bss           0x1fff8244        0x5 .\CortexM3\ARM_GCC_541\Debug\Synthesizer.a(WaveDAC8_2.o)
                0x1fff8248                WaveDAC8_2_initVar
 .bss           0x1fff8249        0x5 .\CortexM3\ARM_GCC_541\Debug\Synthesizer.a(WaveDAC8_3.o)
                0x1fff824d                WaveDAC8_3_initVar
 .bss           0x1fff824e        0x5 .\CortexM3\ARM_GCC_541\Debug\Synthesizer.a(WaveDAC8_1.o)
                0x1fff8252                WaveDAC8_1_initVar
 .bss           0x1fff8253        0x5 .\CortexM3\ARM_GCC_541\Debug\Synthesizer.a(WaveDAC8_4.o)
                0x1fff8257                WaveDAC8_4_initVar
 *(COMMON)
                0x1fff8258                . = ALIGN (0x8)
 *(.ram.b)
                0x1fff8258                _end = .
                0x1fff8258                __end = .
                0x1fff8258                PROVIDE (end, .)
                0x1fff8258                PROVIDE (__bss_end__, .)
                0x00002cd0                __cy_region_init_ram = LOADADDR (.data)
                0x00000160                __cy_region_init_size_ram = (_edata - ADDR (.data))
                0x00000030                __cy_region_zero_size_ram = (_end - _edata)

.heap           0x1fff8258       0x80 load address 0x00002e30
                0x1fff8258                . = _end
                0x1fff82d8                . = (. + 0x80)
 *fill*         0x1fff8258       0x80 
                0x1fff82d8                __cy_heap_limit = .

.stack          0x20007800      0x800
                0x20007800                __cy_stack_limit = .
                0x20008000                . = (. + 0x800)
 *fill*         0x20007800      0x800 
                0x00000001                ASSERT ((__cy_stack_limit >= __cy_heap_limit), region RAM overflowed with stack)
                0x00000000                cy_checksum_exclude_size = (CY_APPL_LOADABLE == 0x1)?SIZEOF (.cy_checksum_exclude):0x0
                0x00000001                ASSERT ((cy_checksum_exclude_size <= CY_CHECKSUM_EXCLUDE_SIZE), CY_BOOT: Section .cy_checksum_exclude size exceedes specified limit.)

.cyloadermeta
 *(.cyloadermeta)

.cyloadablemeta
 *(.cyloadablemeta)

.cyconfigecc    0x80000000       0xe4
 *(.cyconfigecc)
 .cyconfigecc   0x80000000       0xe4 .\CortexM3\ARM_GCC_541\Debug\cymetadata.o
                0x80000000                cy_meta_configecc

.cycustnvl      0x90000000        0x4
 *(.cycustnvl)
 .cycustnvl     0x90000000        0x4 .\CortexM3\ARM_GCC_541\Debug\cymetadata.o
                0x90000000                cy_meta_custnvl

.cywolatch      0x90100000        0x4
 *(.cywolatch)
 .cywolatch     0x90100000        0x4 .\CortexM3\ARM_GCC_541\Debug\cymetadata.o
                0x90100000                cy_meta_wonvl

.cyeeprom       0x90200000        0x0
 *(.cyeeprom)
                0x00000001                ASSERT ((. <= ((0x90200000 + ee_offset) + ee_size)), .cyeeprom data will not fit in EEPROM)

.cyflashprotect
                0x90400000      0x100
 *(.cyflashprotect)
 .cyflashprotect
                0x90400000      0x100 .\CortexM3\ARM_GCC_541\Debug\cymetadata.o
                0x90400000                cy_meta_flashprotect

.cymeta         0x90500000        0xc
 *(.cymeta)
 .cymeta        0x90500000        0xc .\CortexM3\ARM_GCC_541\Debug\cymetadata.o
                0x90500000                cy_metadata

.rel.dyn        0x00002e30        0x0 load address 0x9050000c
 .rel.iplt      0x00002e30        0x0 c:/program files (x86)/cypress/psoc creator/4.4/psoc creator/import/gnu/arm/5.4.1/bin/../lib/gcc/arm-none-eabi/5.4.1/armv7-m/crtbegin.o

.stab
 *(.stab)

.stabstr
 *(.stabstr)

.debug
 *(.debug)

.line
 *(.line)

.debug_srcinfo
 *(.debug_srcinfo)

.debug_sfnames
 *(.debug_sfnames)

.debug_aranges  0x00000000      0xc08
 *(.debug_aranges)
 .debug_aranges
                0x00000000       0x28 .\CortexM3\ARM_GCC_541\Debug\main.o
 .debug_aranges
                0x00000028       0x20 .\CortexM3\ARM_GCC_541\Debug\Music_Pieces.o
 .debug_aranges
                0x00000048       0x30 .\CortexM3\ARM_GCC_541\Debug\Helpers.o
 .debug_aranges
                0x00000078       0x58 .\CortexM3\ARM_GCC_541\Debug\cyfitter_cfg.o
 .debug_aranges
                0x000000d0       0x18 .\CortexM3\ARM_GCC_541\Debug\cymetadata.o
 .debug_aranges
                0x000000e8       0x48 .\CortexM3\ARM_GCC_541\Debug\Cm3Start.o
 .debug_aranges
                0x00000130       0xd8 .\CortexM3\ARM_GCC_541\Debug\Synthesizer.a(CyDmac.o)
 .debug_aranges
                0x00000208      0x2a0 .\CortexM3\ARM_GCC_541\Debug\Synthesizer.a(CyLib.o)
 .debug_aranges
                0x000004a8       0x98 .\CortexM3\ARM_GCC_541\Debug\Synthesizer.a(cyPm.o)
 .debug_aranges
                0x00000540       0x50 .\CortexM3\ARM_GCC_541\Debug\Synthesizer.a(WaveDAC8_2.o)
 .debug_aranges
                0x00000590       0x50 .\CortexM3\ARM_GCC_541\Debug\Synthesizer.a(WaveDAC8_3.o)
 .debug_aranges
                0x000005e0       0x50 .\CortexM3\ARM_GCC_541\Debug\Synthesizer.a(WaveDAC8_1.o)
 .debug_aranges
                0x00000630       0x70 .\CortexM3\ARM_GCC_541\Debug\Synthesizer.a(WaveDAC8_2_DacClk.o)
 .debug_aranges
                0x000006a0       0x28 .\CortexM3\ARM_GCC_541\Debug\Synthesizer.a(WaveDAC8_2_Wave1_DMA_dma.o)
 .debug_aranges
                0x000006c8       0x28 .\CortexM3\ARM_GCC_541\Debug\Synthesizer.a(WaveDAC8_2_Wave2_DMA_dma.o)
 .debug_aranges
                0x000006f0       0x58 .\CortexM3\ARM_GCC_541\Debug\Synthesizer.a(WaveDAC8_2_VDAC8.o)
 .debug_aranges
                0x00000748       0x70 .\CortexM3\ARM_GCC_541\Debug\Synthesizer.a(WaveDAC8_3_DacClk.o)
 .debug_aranges
                0x000007b8       0x28 .\CortexM3\ARM_GCC_541\Debug\Synthesizer.a(WaveDAC8_3_Wave1_DMA_dma.o)
 .debug_aranges
                0x000007e0       0x28 .\CortexM3\ARM_GCC_541\Debug\Synthesizer.a(WaveDAC8_3_Wave2_DMA_dma.o)
 .debug_aranges
                0x00000808       0x58 .\CortexM3\ARM_GCC_541\Debug\Synthesizer.a(WaveDAC8_3_VDAC8.o)
 .debug_aranges
                0x00000860       0x70 .\CortexM3\ARM_GCC_541\Debug\Synthesizer.a(WaveDAC8_1_DacClk.o)
 .debug_aranges
                0x000008d0       0x28 .\CortexM3\ARM_GCC_541\Debug\Synthesizer.a(WaveDAC8_1_Wave1_DMA_dma.o)
 .debug_aranges
                0x000008f8       0x28 .\CortexM3\ARM_GCC_541\Debug\Synthesizer.a(WaveDAC8_1_Wave2_DMA_dma.o)
 .debug_aranges
                0x00000920       0x58 .\CortexM3\ARM_GCC_541\Debug\Synthesizer.a(WaveDAC8_1_VDAC8.o)
 .debug_aranges
                0x00000978       0x50 .\CortexM3\ARM_GCC_541\Debug\Synthesizer.a(WaveDAC8_4.o)
 .debug_aranges
                0x000009c8       0x70 .\CortexM3\ARM_GCC_541\Debug\Synthesizer.a(WaveDAC8_4_DacClk.o)
 .debug_aranges
                0x00000a38       0x28 .\CortexM3\ARM_GCC_541\Debug\Synthesizer.a(WaveDAC8_4_Wave1_DMA_dma.o)
 .debug_aranges
                0x00000a60       0x28 .\CortexM3\ARM_GCC_541\Debug\Synthesizer.a(WaveDAC8_4_Wave2_DMA_dma.o)
 .debug_aranges
                0x00000a88       0x58 .\CortexM3\ARM_GCC_541\Debug\Synthesizer.a(WaveDAC8_4_VDAC8.o)
 .debug_aranges
                0x00000ae0       0x20 .\CortexM3\ARM_GCC_541\Debug\Synthesizer.a(CyBootAsmGnu.o)
 .debug_aranges
                0x00000b00       0x88 .\CortexM3\ARM_GCC_541\Debug\Synthesizer.a(CyFlash.o)
 .debug_aranges
                0x00000b88       0x80 .\CortexM3\ARM_GCC_541\Debug\Synthesizer.a(CySpc.o)

.debug_pubnames
 *(.debug_pubnames)

.debug_info     0x00000000     0x7f9d
 *(.debug_info .gnu.linkonce.wi.*)
 .debug_info    0x00000000      0x188 .\CortexM3\ARM_GCC_541\Debug\main.o
 .debug_info    0x00000188      0xa59 .\CortexM3\ARM_GCC_541\Debug\Music_Pieces.o
 .debug_info    0x00000be1      0x2e3 .\CortexM3\ARM_GCC_541\Debug\Helpers.o
 .debug_info    0x00000ec4      0x587 .\CortexM3\ARM_GCC_541\Debug\cyfitter_cfg.o
 .debug_info    0x0000144b      0x134 .\CortexM3\ARM_GCC_541\Debug\cymetadata.o
 .debug_info    0x0000157f      0x3cf .\CortexM3\ARM_GCC_541\Debug\Cm3Start.o
 .debug_info    0x0000194e      0x94e .\CortexM3\ARM_GCC_541\Debug\Synthesizer.a(CyDmac.o)
 .debug_info    0x0000229c     0x1374 .\CortexM3\ARM_GCC_541\Debug\Synthesizer.a(CyLib.o)
 .debug_info    0x00003610      0xa2a .\CortexM3\ARM_GCC_541\Debug\Synthesizer.a(cyPm.o)
 .debug_info    0x0000403a      0x519 .\CortexM3\ARM_GCC_541\Debug\Synthesizer.a(WaveDAC8_2.o)
 .debug_info    0x00004553      0x517 .\CortexM3\ARM_GCC_541\Debug\Synthesizer.a(WaveDAC8_3.o)
 .debug_info    0x00004a6a      0x51b .\CortexM3\ARM_GCC_541\Debug\Synthesizer.a(WaveDAC8_1.o)
 .debug_info    0x00004f85      0x283 .\CortexM3\ARM_GCC_541\Debug\Synthesizer.a(WaveDAC8_2_DacClk.o)
 .debug_info    0x00005208      0x1a8 .\CortexM3\ARM_GCC_541\Debug\Synthesizer.a(WaveDAC8_2_Wave1_DMA_dma.o)
 .debug_info    0x000053b0      0x1a7 .\CortexM3\ARM_GCC_541\Debug\Synthesizer.a(WaveDAC8_2_Wave2_DMA_dma.o)
 .debug_info    0x00005557      0x1de .\CortexM3\ARM_GCC_541\Debug\Synthesizer.a(WaveDAC8_2_VDAC8.o)
 .debug_info    0x00005735      0x283 .\CortexM3\ARM_GCC_541\Debug\Synthesizer.a(WaveDAC8_3_DacClk.o)
 .debug_info    0x000059b8      0x1a7 .\CortexM3\ARM_GCC_541\Debug\Synthesizer.a(WaveDAC8_3_Wave1_DMA_dma.o)
 .debug_info    0x00005b5f      0x1a7 .\CortexM3\ARM_GCC_541\Debug\Synthesizer.a(WaveDAC8_3_Wave2_DMA_dma.o)
 .debug_info    0x00005d06      0x1de .\CortexM3\ARM_GCC_541\Debug\Synthesizer.a(WaveDAC8_3_VDAC8.o)
 .debug_info    0x00005ee4      0x283 .\CortexM3\ARM_GCC_541\Debug\Synthesizer.a(WaveDAC8_1_DacClk.o)
 .debug_info    0x00006167      0x1aa .\CortexM3\ARM_GCC_541\Debug\Synthesizer.a(WaveDAC8_1_Wave1_DMA_dma.o)
 .debug_info    0x00006311      0x1a7 .\CortexM3\ARM_GCC_541\Debug\Synthesizer.a(WaveDAC8_1_Wave2_DMA_dma.o)
 .debug_info    0x000064b8      0x1de .\CortexM3\ARM_GCC_541\Debug\Synthesizer.a(WaveDAC8_1_VDAC8.o)
 .debug_info    0x00006696      0x517 .\CortexM3\ARM_GCC_541\Debug\Synthesizer.a(WaveDAC8_4.o)
 .debug_info    0x00006bad      0x283 .\CortexM3\ARM_GCC_541\Debug\Synthesizer.a(WaveDAC8_4_DacClk.o)
 .debug_info    0x00006e30      0x1a7 .\CortexM3\ARM_GCC_541\Debug\Synthesizer.a(WaveDAC8_4_Wave1_DMA_dma.o)
 .debug_info    0x00006fd7      0x1a7 .\CortexM3\ARM_GCC_541\Debug\Synthesizer.a(WaveDAC8_4_Wave2_DMA_dma.o)
 .debug_info    0x0000717e      0x1de .\CortexM3\ARM_GCC_541\Debug\Synthesizer.a(WaveDAC8_4_VDAC8.o)
 .debug_info    0x0000735c       0xa4 .\CortexM3\ARM_GCC_541\Debug\Synthesizer.a(CyBootAsmGnu.o)
 .debug_info    0x00007400      0x64d .\CortexM3\ARM_GCC_541\Debug\Synthesizer.a(CyFlash.o)
 .debug_info    0x00007a4d      0x550 .\CortexM3\ARM_GCC_541\Debug\Synthesizer.a(CySpc.o)

.debug_abbrev   0x00000000     0x2369
 *(.debug_abbrev)
 .debug_abbrev  0x00000000       0xd7 .\CortexM3\ARM_GCC_541\Debug\main.o
 .debug_abbrev  0x000000d7       0xff .\CortexM3\ARM_GCC_541\Debug\Music_Pieces.o
 .debug_abbrev  0x000001d6       0xf3 .\CortexM3\ARM_GCC_541\Debug\Helpers.o
 .debug_abbrev  0x000002c9      0x1fe .\CortexM3\ARM_GCC_541\Debug\cyfitter_cfg.o
 .debug_abbrev  0x000004c7       0x5d .\CortexM3\ARM_GCC_541\Debug\cymetadata.o
 .debug_abbrev  0x00000524      0x1e8 .\CortexM3\ARM_GCC_541\Debug\Cm3Start.o
 .debug_abbrev  0x0000070c      0x1b2 .\CortexM3\ARM_GCC_541\Debug\Synthesizer.a(CyDmac.o)
 .debug_abbrev  0x000008be      0x254 .\CortexM3\ARM_GCC_541\Debug\Synthesizer.a(CyLib.o)
 .debug_abbrev  0x00000b12      0x1ab .\CortexM3\ARM_GCC_541\Debug\Synthesizer.a(cyPm.o)
 .debug_abbrev  0x00000cbd      0x114 .\CortexM3\ARM_GCC_541\Debug\Synthesizer.a(WaveDAC8_2.o)
 .debug_abbrev  0x00000dd1      0x10b .\CortexM3\ARM_GCC_541\Debug\Synthesizer.a(WaveDAC8_3.o)
 .debug_abbrev  0x00000edc      0x10b .\CortexM3\ARM_GCC_541\Debug\Synthesizer.a(WaveDAC8_1.o)
 .debug_abbrev  0x00000fe7      0x139 .\CortexM3\ARM_GCC_541\Debug\Synthesizer.a(WaveDAC8_2_DacClk.o)
 .debug_abbrev  0x00001120       0xcd .\CortexM3\ARM_GCC_541\Debug\Synthesizer.a(WaveDAC8_2_Wave1_DMA_dma.o)
 .debug_abbrev  0x000011ed       0xcd .\CortexM3\ARM_GCC_541\Debug\Synthesizer.a(WaveDAC8_2_Wave2_DMA_dma.o)
 .debug_abbrev  0x000012ba       0xf7 .\CortexM3\ARM_GCC_541\Debug\Synthesizer.a(WaveDAC8_2_VDAC8.o)
 .debug_abbrev  0x000013b1      0x139 .\CortexM3\ARM_GCC_541\Debug\Synthesizer.a(WaveDAC8_3_DacClk.o)
 .debug_abbrev  0x000014ea       0xcd .\CortexM3\ARM_GCC_541\Debug\Synthesizer.a(WaveDAC8_3_Wave1_DMA_dma.o)
 .debug_abbrev  0x000015b7       0xcd .\CortexM3\ARM_GCC_541\Debug\Synthesizer.a(WaveDAC8_3_Wave2_DMA_dma.o)
 .debug_abbrev  0x00001684       0xf7 .\CortexM3\ARM_GCC_541\Debug\Synthesizer.a(WaveDAC8_3_VDAC8.o)
 .debug_abbrev  0x0000177b      0x139 .\CortexM3\ARM_GCC_541\Debug\Synthesizer.a(WaveDAC8_1_DacClk.o)
 .debug_abbrev  0x000018b4       0xcd .\CortexM3\ARM_GCC_541\Debug\Synthesizer.a(WaveDAC8_1_Wave1_DMA_dma.o)
 .debug_abbrev  0x00001981       0xcd .\CortexM3\ARM_GCC_541\Debug\Synthesizer.a(WaveDAC8_1_Wave2_DMA_dma.o)
 .debug_abbrev  0x00001a4e       0xf7 .\CortexM3\ARM_GCC_541\Debug\Synthesizer.a(WaveDAC8_1_VDAC8.o)
 .debug_abbrev  0x00001b45      0x10b .\CortexM3\ARM_GCC_541\Debug\Synthesizer.a(WaveDAC8_4.o)
 .debug_abbrev  0x00001c50      0x139 .\CortexM3\ARM_GCC_541\Debug\Synthesizer.a(WaveDAC8_4_DacClk.o)
 .debug_abbrev  0x00001d89       0xcd .\CortexM3\ARM_GCC_541\Debug\Synthesizer.a(WaveDAC8_4_Wave1_DMA_dma.o)
 .debug_abbrev  0x00001e56       0xcd .\CortexM3\ARM_GCC_541\Debug\Synthesizer.a(WaveDAC8_4_Wave2_DMA_dma.o)
 .debug_abbrev  0x00001f23       0xf7 .\CortexM3\ARM_GCC_541\Debug\Synthesizer.a(WaveDAC8_4_VDAC8.o)
 .debug_abbrev  0x0000201a       0x14 .\CortexM3\ARM_GCC_541\Debug\Synthesizer.a(CyBootAsmGnu.o)
 .debug_abbrev  0x0000202e      0x1a7 .\CortexM3\ARM_GCC_541\Debug\Synthesizer.a(CyFlash.o)
 .debug_abbrev  0x000021d5      0x194 .\CortexM3\ARM_GCC_541\Debug\Synthesizer.a(CySpc.o)

.debug_line     0x00000000     0x3226
 *(.debug_line)
 .debug_line    0x00000000      0x1d8 .\CortexM3\ARM_GCC_541\Debug\main.o
 .debug_line    0x000001d8      0x214 .\CortexM3\ARM_GCC_541\Debug\Music_Pieces.o
 .debug_line    0x000003ec      0x1d6 .\CortexM3\ARM_GCC_541\Debug\Helpers.o
 .debug_line    0x000005c2      0x1e9 .\CortexM3\ARM_GCC_541\Debug\cyfitter_cfg.o
 .debug_line    0x000007ab      0x141 .\CortexM3\ARM_GCC_541\Debug\cymetadata.o
 .debug_line    0x000008ec      0x241 .\CortexM3\ARM_GCC_541\Debug\Cm3Start.o
 .debug_line    0x00000b2d      0x2e4 .\CortexM3\ARM_GCC_541\Debug\Synthesizer.a(CyDmac.o)
 .debug_line    0x00000e11      0x816 .\CortexM3\ARM_GCC_541\Debug\Synthesizer.a(CyLib.o)
 .debug_line    0x00001627      0x367 .\CortexM3\ARM_GCC_541\Debug\Synthesizer.a(cyPm.o)
 .debug_line    0x0000198e      0x160 .\CortexM3\ARM_GCC_541\Debug\Synthesizer.a(WaveDAC8_2.o)
 .debug_line    0x00001aee      0x160 .\CortexM3\ARM_GCC_541\Debug\Synthesizer.a(WaveDAC8_3.o)
 .debug_line    0x00001c4e      0x160 .\CortexM3\ARM_GCC_541\Debug\Synthesizer.a(WaveDAC8_1.o)
 .debug_line    0x00001dae      0x180 .\CortexM3\ARM_GCC_541\Debug\Synthesizer.a(WaveDAC8_2_DacClk.o)
 .debug_line    0x00001f2e       0x91 .\CortexM3\ARM_GCC_541\Debug\Synthesizer.a(WaveDAC8_2_Wave1_DMA_dma.o)
 .debug_line    0x00001fbf       0x91 .\CortexM3\ARM_GCC_541\Debug\Synthesizer.a(WaveDAC8_2_Wave2_DMA_dma.o)
 .debug_line    0x00002050       0xec .\CortexM3\ARM_GCC_541\Debug\Synthesizer.a(WaveDAC8_2_VDAC8.o)
 .debug_line    0x0000213c      0x180 .\CortexM3\ARM_GCC_541\Debug\Synthesizer.a(WaveDAC8_3_DacClk.o)
 .debug_line    0x000022bc       0x91 .\CortexM3\ARM_GCC_541\Debug\Synthesizer.a(WaveDAC8_3_Wave1_DMA_dma.o)
 .debug_line    0x0000234d       0x91 .\CortexM3\ARM_GCC_541\Debug\Synthesizer.a(WaveDAC8_3_Wave2_DMA_dma.o)
 .debug_line    0x000023de       0xec .\CortexM3\ARM_GCC_541\Debug\Synthesizer.a(WaveDAC8_3_VDAC8.o)
 .debug_line    0x000024ca      0x180 .\CortexM3\ARM_GCC_541\Debug\Synthesizer.a(WaveDAC8_1_DacClk.o)
 .debug_line    0x0000264a       0x91 .\CortexM3\ARM_GCC_541\Debug\Synthesizer.a(WaveDAC8_1_Wave1_DMA_dma.o)
 .debug_line    0x000026db       0x91 .\CortexM3\ARM_GCC_541\Debug\Synthesizer.a(WaveDAC8_1_Wave2_DMA_dma.o)
 .debug_line    0x0000276c       0xec .\CortexM3\ARM_GCC_541\Debug\Synthesizer.a(WaveDAC8_1_VDAC8.o)
 .debug_line    0x00002858      0x160 .\CortexM3\ARM_GCC_541\Debug\Synthesizer.a(WaveDAC8_4.o)
 .debug_line    0x000029b8      0x180 .\CortexM3\ARM_GCC_541\Debug\Synthesizer.a(WaveDAC8_4_DacClk.o)
 .debug_line    0x00002b38       0x91 .\CortexM3\ARM_GCC_541\Debug\Synthesizer.a(WaveDAC8_4_Wave1_DMA_dma.o)
 .debug_line    0x00002bc9       0x91 .\CortexM3\ARM_GCC_541\Debug\Synthesizer.a(WaveDAC8_4_Wave2_DMA_dma.o)
 .debug_line    0x00002c5a       0xec .\CortexM3\ARM_GCC_541\Debug\Synthesizer.a(WaveDAC8_4_VDAC8.o)
 .debug_line    0x00002d46       0x66 .\CortexM3\ARM_GCC_541\Debug\Synthesizer.a(CyBootAsmGnu.o)
 .debug_line    0x00002dac      0x21a .\CortexM3\ARM_GCC_541\Debug\Synthesizer.a(CyFlash.o)
 .debug_line    0x00002fc6      0x260 .\CortexM3\ARM_GCC_541\Debug\Synthesizer.a(CySpc.o)

.debug_frame    0x00000000     0x1de8
 *(.debug_frame)
 .debug_frame   0x00000000       0x4c .\CortexM3\ARM_GCC_541\Debug\main.o
 .debug_frame   0x0000004c       0x30 .\CortexM3\ARM_GCC_541\Debug\Music_Pieces.o
 .debug_frame   0x0000007c       0x68 .\CortexM3\ARM_GCC_541\Debug\Helpers.o
 .debug_frame   0x000000e4       0xe4 .\CortexM3\ARM_GCC_541\Debug\cyfitter_cfg.o
 .debug_frame   0x000001c8       0xb8 .\CortexM3\ARM_GCC_541\Debug\Cm3Start.o
 .debug_frame   0x00000280      0x1f8 .\CortexM3\ARM_GCC_541\Debug\Synthesizer.a(CyDmac.o)
 .debug_frame   0x00000478      0x738 .\CortexM3\ARM_GCC_541\Debug\Synthesizer.a(CyLib.o)
 .debug_frame   0x00000bb0      0x1f8 .\CortexM3\ARM_GCC_541\Debug\Synthesizer.a(cyPm.o)
 .debug_frame   0x00000da8       0xe0 .\CortexM3\ARM_GCC_541\Debug\Synthesizer.a(WaveDAC8_2.o)
 .debug_frame   0x00000e88       0xe0 .\CortexM3\ARM_GCC_541\Debug\Synthesizer.a(WaveDAC8_3.o)
 .debug_frame   0x00000f68       0xe0 .\CortexM3\ARM_GCC_541\Debug\Synthesizer.a(WaveDAC8_1.o)
 .debug_frame   0x00001048       0xe0 .\CortexM3\ARM_GCC_541\Debug\Synthesizer.a(WaveDAC8_2_DacClk.o)
 .debug_frame   0x00001128       0x54 .\CortexM3\ARM_GCC_541\Debug\Synthesizer.a(WaveDAC8_2_Wave1_DMA_dma.o)
 .debug_frame   0x0000117c       0x54 .\CortexM3\ARM_GCC_541\Debug\Synthesizer.a(WaveDAC8_2_Wave2_DMA_dma.o)
 .debug_frame   0x000011d0       0xb4 .\CortexM3\ARM_GCC_541\Debug\Synthesizer.a(WaveDAC8_2_VDAC8.o)
 .debug_frame   0x00001284       0xe0 .\CortexM3\ARM_GCC_541\Debug\Synthesizer.a(WaveDAC8_3_DacClk.o)
 .debug_frame   0x00001364       0x54 .\CortexM3\ARM_GCC_541\Debug\Synthesizer.a(WaveDAC8_3_Wave1_DMA_dma.o)
 .debug_frame   0x000013b8       0x54 .\CortexM3\ARM_GCC_541\Debug\Synthesizer.a(WaveDAC8_3_Wave2_DMA_dma.o)
 .debug_frame   0x0000140c       0xb4 .\CortexM3\ARM_GCC_541\Debug\Synthesizer.a(WaveDAC8_3_VDAC8.o)
 .debug_frame   0x000014c0       0xe0 .\CortexM3\ARM_GCC_541\Debug\Synthesizer.a(WaveDAC8_1_DacClk.o)
 .debug_frame   0x000015a0       0x54 .\CortexM3\ARM_GCC_541\Debug\Synthesizer.a(WaveDAC8_1_Wave1_DMA_dma.o)
 .debug_frame   0x000015f4       0x54 .\CortexM3\ARM_GCC_541\Debug\Synthesizer.a(WaveDAC8_1_Wave2_DMA_dma.o)
 .debug_frame   0x00001648       0xb4 .\CortexM3\ARM_GCC_541\Debug\Synthesizer.a(WaveDAC8_1_VDAC8.o)
 .debug_frame   0x000016fc       0xe0 .\CortexM3\ARM_GCC_541\Debug\Synthesizer.a(WaveDAC8_4.o)
 .debug_frame   0x000017dc       0xe0 .\CortexM3\ARM_GCC_541\Debug\Synthesizer.a(WaveDAC8_4_DacClk.o)
 .debug_frame   0x000018bc       0x54 .\CortexM3\ARM_GCC_541\Debug\Synthesizer.a(WaveDAC8_4_Wave1_DMA_dma.o)
 .debug_frame   0x00001910       0x54 .\CortexM3\ARM_GCC_541\Debug\Synthesizer.a(WaveDAC8_4_Wave2_DMA_dma.o)
 .debug_frame   0x00001964       0xb4 .\CortexM3\ARM_GCC_541\Debug\Synthesizer.a(WaveDAC8_4_VDAC8.o)
 .debug_frame   0x00001a18      0x194 .\CortexM3\ARM_GCC_541\Debug\Synthesizer.a(CyFlash.o)
 .debug_frame   0x00001bac      0x180 .\CortexM3\ARM_GCC_541\Debug\Synthesizer.a(CySpc.o)
 .debug_frame   0x00001d2c       0x20 c:/program files (x86)/cypress/psoc creator/4.4/psoc creator/import/gnu/arm/5.4.1/bin/../lib/gcc/arm-none-eabi/5.4.1/../../../../arm-none-eabi/lib/armv7-m\libg_nano.a(lib_a-errno.o)
 .debug_frame   0x00001d4c       0x28 c:/program files (x86)/cypress/psoc creator/4.4/psoc creator/import/gnu/arm/5.4.1/bin/../lib/gcc/arm-none-eabi/5.4.1/../../../../arm-none-eabi/lib/armv7-m\libg_nano.a(lib_a-exit.o)
 .debug_frame   0x00001d74       0x2c c:/program files (x86)/cypress/psoc creator/4.4/psoc creator/import/gnu/arm/5.4.1/bin/../lib/gcc/arm-none-eabi/5.4.1/../../../../arm-none-eabi/lib/armv7-m\libg_nano.a(lib_a-init.o)
 .debug_frame   0x00001da0       0x28 c:/program files (x86)/cypress/psoc creator/4.4/psoc creator/import/gnu/arm/5.4.1/bin/../lib/gcc/arm-none-eabi/5.4.1/../../../../arm-none-eabi/lib/armv7-m\libg_nano.a(lib_a-memcpy-stub.o)
 .debug_frame   0x00001dc8       0x20 c:/program files (x86)/cypress/psoc creator/4.4/psoc creator/import/gnu/arm/5.4.1/bin/../lib/gcc/arm-none-eabi/5.4.1/../../../../arm-none-eabi/lib/armv7-m\libg_nano.a(lib_a-memset.o)

.debug_str      0x00000000     0x2b1a
 *(.debug_str)
 .debug_str     0x00000000      0x1e1 .\CortexM3\ARM_GCC_541\Debug\main.o
                                0x229 (size before relaxing)
 .debug_str     0x000001e1       0x47 .\CortexM3\ARM_GCC_541\Debug\Music_Pieces.o
                                0x20e (size before relaxing)
 .debug_str     0x00000228       0xfa .\CortexM3\ARM_GCC_541\Debug\Helpers.o
                                0x30a (size before relaxing)
 .debug_str     0x00000322      0x187 .\CortexM3\ARM_GCC_541\Debug\cyfitter_cfg.o
                                0x323 (size before relaxing)
 .debug_str     0x000004a9       0x7f .\CortexM3\ARM_GCC_541\Debug\cymetadata.o
                                0x1f8 (size before relaxing)
 .debug_str     0x00000528      0x154 .\CortexM3\ARM_GCC_541\Debug\Cm3Start.o
                                0x32e (size before relaxing)
 .debug_str     0x0000067c      0x392 .\CortexM3\ARM_GCC_541\Debug\Synthesizer.a(CyDmac.o)
                                0x55e (size before relaxing)
 .debug_str     0x00000a0e      0x7f1 .\CortexM3\ARM_GCC_541\Debug\Synthesizer.a(CyLib.o)
                                0xa5b (size before relaxing)
 .debug_str     0x000011ff      0x365 .\CortexM3\ARM_GCC_541\Debug\Synthesizer.a(cyPm.o)
                                0x747 (size before relaxing)
 .debug_str     0x00001564      0x228 .\CortexM3\ARM_GCC_541\Debug\Synthesizer.a(WaveDAC8_2.o)
                                0x47d (size before relaxing)
 .debug_str     0x0000178c      0x1eb .\CortexM3\ARM_GCC_541\Debug\Synthesizer.a(WaveDAC8_3.o)
                                0x47d (size before relaxing)
 .debug_str     0x00001977      0x1eb .\CortexM3\ARM_GCC_541\Debug\Synthesizer.a(WaveDAC8_1.o)
                                0x47d (size before relaxing)
 .debug_str     0x00001b62      0x1ab .\CortexM3\ARM_GCC_541\Debug\Synthesizer.a(WaveDAC8_2_DacClk.o)
                                0x37a (size before relaxing)
 .debug_str     0x00001d0d       0xac .\CortexM3\ARM_GCC_541\Debug\Synthesizer.a(WaveDAC8_2_Wave1_DMA_dma.o)
                                0x2bc (size before relaxing)
 .debug_str     0x00001db9       0x71 .\CortexM3\ARM_GCC_541\Debug\Synthesizer.a(WaveDAC8_2_Wave2_DMA_dma.o)
                                0x2bc (size before relaxing)
 .debug_str     0x00001e2a       0x7f .\CortexM3\ARM_GCC_541\Debug\Synthesizer.a(WaveDAC8_2_VDAC8.o)
                                0x2a1 (size before relaxing)
 .debug_str     0x00001ea9      0x160 .\CortexM3\ARM_GCC_541\Debug\Synthesizer.a(WaveDAC8_3_DacClk.o)
                                0x37a (size before relaxing)
 .debug_str     0x00002009       0x71 .\CortexM3\ARM_GCC_541\Debug\Synthesizer.a(WaveDAC8_3_Wave1_DMA_dma.o)
                                0x2bc (size before relaxing)
 .debug_str     0x0000207a       0x71 .\CortexM3\ARM_GCC_541\Debug\Synthesizer.a(WaveDAC8_3_Wave2_DMA_dma.o)
                                0x2bc (size before relaxing)
 .debug_str     0x000020eb       0x73 .\CortexM3\ARM_GCC_541\Debug\Synthesizer.a(WaveDAC8_3_VDAC8.o)
                                0x2a1 (size before relaxing)
 .debug_str     0x0000215e      0x160 .\CortexM3\ARM_GCC_541\Debug\Synthesizer.a(WaveDAC8_1_DacClk.o)
                                0x37a (size before relaxing)
 .debug_str     0x000022be       0x71 .\CortexM3\ARM_GCC_541\Debug\Synthesizer.a(WaveDAC8_1_Wave1_DMA_dma.o)
                                0x2bc (size before relaxing)
 .debug_str     0x0000232f       0x71 .\CortexM3\ARM_GCC_541\Debug\Synthesizer.a(WaveDAC8_1_Wave2_DMA_dma.o)
                                0x2bc (size before relaxing)
 .debug_str     0x000023a0       0x73 .\CortexM3\ARM_GCC_541\Debug\Synthesizer.a(WaveDAC8_1_VDAC8.o)
                                0x2a1 (size before relaxing)
 .debug_str     0x00002413      0x1eb .\CortexM3\ARM_GCC_541\Debug\Synthesizer.a(WaveDAC8_4.o)
                                0x47d (size before relaxing)
 .debug_str     0x000025fe      0x160 .\CortexM3\ARM_GCC_541\Debug\Synthesizer.a(WaveDAC8_4_DacClk.o)
                                0x37a (size before relaxing)
 .debug_str     0x0000275e       0x71 .\CortexM3\ARM_GCC_541\Debug\Synthesizer.a(WaveDAC8_4_Wave1_DMA_dma.o)
                                0x2bc (size before relaxing)
 .debug_str     0x000027cf       0x71 .\CortexM3\ARM_GCC_541\Debug\Synthesizer.a(WaveDAC8_4_Wave2_DMA_dma.o)
                                0x2bc (size before relaxing)
 .debug_str     0x00002840       0x73 .\CortexM3\ARM_GCC_541\Debug\Synthesizer.a(WaveDAC8_4_VDAC8.o)
                                0x2a1 (size before relaxing)
 .debug_str     0x000028b3      0x1bb .\CortexM3\ARM_GCC_541\Debug\Synthesizer.a(CyFlash.o)
                                0x3d4 (size before relaxing)
 .debug_str     0x00002a6e       0xac .\CortexM3\ARM_GCC_541\Debug\Synthesizer.a(CySpc.o)
                                0x34c (size before relaxing)

.debug_loc      0x00000000     0x353e
 *(.debug_loc)
 .debug_loc     0x00000000       0x2c .\CortexM3\ARM_GCC_541\Debug\main.o
 .debug_loc     0x0000002c       0x3e .\CortexM3\ARM_GCC_541\Debug\Music_Pieces.o
 .debug_loc     0x0000006a       0x6b .\CortexM3\ARM_GCC_541\Debug\Helpers.o
 .debug_loc     0x000000d5      0x1d7 .\CortexM3\ARM_GCC_541\Debug\cyfitter_cfg.o
 .debug_loc     0x000002ac      0x144 .\CortexM3\ARM_GCC_541\Debug\Cm3Start.o
 .debug_loc     0x000003f0      0xb8e .\CortexM3\ARM_GCC_541\Debug\Synthesizer.a(CyDmac.o)
 .debug_loc     0x00000f7e      0xa11 .\CortexM3\ARM_GCC_541\Debug\Synthesizer.a(CyLib.o)
 .debug_loc     0x0000198f      0x1e4 .\CortexM3\ARM_GCC_541\Debug\Synthesizer.a(cyPm.o)
 .debug_loc     0x00001b73      0x11b .\CortexM3\ARM_GCC_541\Debug\Synthesizer.a(WaveDAC8_2.o)
 .debug_loc     0x00001c8e      0x11b .\CortexM3\ARM_GCC_541\Debug\Synthesizer.a(WaveDAC8_3.o)
 .debug_loc     0x00001da9      0x11b .\CortexM3\ARM_GCC_541\Debug\Synthesizer.a(WaveDAC8_1.o)
 .debug_loc     0x00001ec4      0x128 .\CortexM3\ARM_GCC_541\Debug\Synthesizer.a(WaveDAC8_2_DacClk.o)
 .debug_loc     0x00001fec       0x84 .\CortexM3\ARM_GCC_541\Debug\Synthesizer.a(WaveDAC8_2_Wave1_DMA_dma.o)
 .debug_loc     0x00002070       0x84 .\CortexM3\ARM_GCC_541\Debug\Synthesizer.a(WaveDAC8_2_Wave2_DMA_dma.o)
 .debug_loc     0x000020f4       0x79 .\CortexM3\ARM_GCC_541\Debug\Synthesizer.a(WaveDAC8_2_VDAC8.o)
 .debug_loc     0x0000216d      0x128 .\CortexM3\ARM_GCC_541\Debug\Synthesizer.a(WaveDAC8_3_DacClk.o)
 .debug_loc     0x00002295       0x84 .\CortexM3\ARM_GCC_541\Debug\Synthesizer.a(WaveDAC8_3_Wave1_DMA_dma.o)
 .debug_loc     0x00002319       0x84 .\CortexM3\ARM_GCC_541\Debug\Synthesizer.a(WaveDAC8_3_Wave2_DMA_dma.o)
 .debug_loc     0x0000239d       0x79 .\CortexM3\ARM_GCC_541\Debug\Synthesizer.a(WaveDAC8_3_VDAC8.o)
 .debug_loc     0x00002416      0x12c .\CortexM3\ARM_GCC_541\Debug\Synthesizer.a(WaveDAC8_1_DacClk.o)
 .debug_loc     0x00002542       0x84 .\CortexM3\ARM_GCC_541\Debug\Synthesizer.a(WaveDAC8_1_Wave1_DMA_dma.o)
 .debug_loc     0x000025c6       0x84 .\CortexM3\ARM_GCC_541\Debug\Synthesizer.a(WaveDAC8_1_Wave2_DMA_dma.o)
 .debug_loc     0x0000264a       0x79 .\CortexM3\ARM_GCC_541\Debug\Synthesizer.a(WaveDAC8_1_VDAC8.o)
 .debug_loc     0x000026c3      0x11b .\CortexM3\ARM_GCC_541\Debug\Synthesizer.a(WaveDAC8_4.o)
 .debug_loc     0x000027de      0x128 .\CortexM3\ARM_GCC_541\Debug\Synthesizer.a(WaveDAC8_4_DacClk.o)
 .debug_loc     0x00002906       0x84 .\CortexM3\ARM_GCC_541\Debug\Synthesizer.a(WaveDAC8_4_Wave1_DMA_dma.o)
 .debug_loc     0x0000298a       0x84 .\CortexM3\ARM_GCC_541\Debug\Synthesizer.a(WaveDAC8_4_Wave2_DMA_dma.o)
 .debug_loc     0x00002a0e       0x79 .\CortexM3\ARM_GCC_541\Debug\Synthesizer.a(WaveDAC8_4_VDAC8.o)
 .debug_loc     0x00002a87      0x3b2 .\CortexM3\ARM_GCC_541\Debug\Synthesizer.a(CyFlash.o)
 .debug_loc     0x00002e39      0x705 .\CortexM3\ARM_GCC_541\Debug\Synthesizer.a(CySpc.o)

.debug_macinfo
 *(.debug_macinfo)

.debug_ranges   0x00000000      0x9f0
 *(.debug_ranges)
 .debug_ranges  0x00000000       0x18 .\CortexM3\ARM_GCC_541\Debug\main.o
 .debug_ranges  0x00000018       0x10 .\CortexM3\ARM_GCC_541\Debug\Music_Pieces.o
 .debug_ranges  0x00000028       0x20 .\CortexM3\ARM_GCC_541\Debug\Helpers.o
 .debug_ranges  0x00000048       0x48 .\CortexM3\ARM_GCC_541\Debug\cyfitter_cfg.o
 .debug_ranges  0x00000090       0x38 .\CortexM3\ARM_GCC_541\Debug\Cm3Start.o
 .debug_ranges  0x000000c8       0xc8 .\CortexM3\ARM_GCC_541\Debug\Synthesizer.a(CyDmac.o)
 .debug_ranges  0x00000190      0x290 .\CortexM3\ARM_GCC_541\Debug\Synthesizer.a(CyLib.o)
 .debug_ranges  0x00000420       0x88 .\CortexM3\ARM_GCC_541\Debug\Synthesizer.a(cyPm.o)
 .debug_ranges  0x000004a8       0x40 .\CortexM3\ARM_GCC_541\Debug\Synthesizer.a(WaveDAC8_2.o)
 .debug_ranges  0x000004e8       0x40 .\CortexM3\ARM_GCC_541\Debug\Synthesizer.a(WaveDAC8_3.o)
 .debug_ranges  0x00000528       0x40 .\CortexM3\ARM_GCC_541\Debug\Synthesizer.a(WaveDAC8_1.o)
 .debug_ranges  0x00000568       0x60 .\CortexM3\ARM_GCC_541\Debug\Synthesizer.a(WaveDAC8_2_DacClk.o)
 .debug_ranges  0x000005c8       0x18 .\CortexM3\ARM_GCC_541\Debug\Synthesizer.a(WaveDAC8_2_Wave1_DMA_dma.o)
 .debug_ranges  0x000005e0       0x18 .\CortexM3\ARM_GCC_541\Debug\Synthesizer.a(WaveDAC8_2_Wave2_DMA_dma.o)
 .debug_ranges  0x000005f8       0x48 .\CortexM3\ARM_GCC_541\Debug\Synthesizer.a(WaveDAC8_2_VDAC8.o)
 .debug_ranges  0x00000640       0x60 .\CortexM3\ARM_GCC_541\Debug\Synthesizer.a(WaveDAC8_3_DacClk.o)
 .debug_ranges  0x000006a0       0x18 .\CortexM3\ARM_GCC_541\Debug\Synthesizer.a(WaveDAC8_3_Wave1_DMA_dma.o)
 .debug_ranges  0x000006b8       0x18 .\CortexM3\ARM_GCC_541\Debug\Synthesizer.a(WaveDAC8_3_Wave2_DMA_dma.o)
 .debug_ranges  0x000006d0       0x48 .\CortexM3\ARM_GCC_541\Debug\Synthesizer.a(WaveDAC8_3_VDAC8.o)
 .debug_ranges  0x00000718       0x60 .\CortexM3\ARM_GCC_541\Debug\Synthesizer.a(WaveDAC8_1_DacClk.o)
 .debug_ranges  0x00000778       0x18 .\CortexM3\ARM_GCC_541\Debug\Synthesizer.a(WaveDAC8_1_Wave1_DMA_dma.o)
 .debug_ranges  0x00000790       0x18 .\CortexM3\ARM_GCC_541\Debug\Synthesizer.a(WaveDAC8_1_Wave2_DMA_dma.o)
 .debug_ranges  0x000007a8       0x48 .\CortexM3\ARM_GCC_541\Debug\Synthesizer.a(WaveDAC8_1_VDAC8.o)
 .debug_ranges  0x000007f0       0x40 .\CortexM3\ARM_GCC_541\Debug\Synthesizer.a(WaveDAC8_4.o)
 .debug_ranges  0x00000830       0x60 .\CortexM3\ARM_GCC_541\Debug\Synthesizer.a(WaveDAC8_4_DacClk.o)
 .debug_ranges  0x00000890       0x18 .\CortexM3\ARM_GCC_541\Debug\Synthesizer.a(WaveDAC8_4_Wave1_DMA_dma.o)
 .debug_ranges  0x000008a8       0x18 .\CortexM3\ARM_GCC_541\Debug\Synthesizer.a(WaveDAC8_4_Wave2_DMA_dma.o)
 .debug_ranges  0x000008c0       0x48 .\CortexM3\ARM_GCC_541\Debug\Synthesizer.a(WaveDAC8_4_VDAC8.o)
 .debug_ranges  0x00000908       0x78 .\CortexM3\ARM_GCC_541\Debug\Synthesizer.a(CyFlash.o)
 .debug_ranges  0x00000980       0x70 .\CortexM3\ARM_GCC_541\Debug\Synthesizer.a(CySpc.o)

.comment        0x00000000       0x6e
 .comment       0x00000000       0x6e .\CortexM3\ARM_GCC_541\Debug\main.o
                                 0x6f (size before relaxing)
 .comment       0x0000006e       0x6f .\CortexM3\ARM_GCC_541\Debug\Music_Pieces.o
 .comment       0x0000006e       0x6f .\CortexM3\ARM_GCC_541\Debug\Helpers.o
 .comment       0x0000006e       0x6f .\CortexM3\ARM_GCC_541\Debug\cyfitter_cfg.o
 .comment       0x0000006e       0x6f .\CortexM3\ARM_GCC_541\Debug\cymetadata.o
 .comment       0x0000006e       0x6f .\CortexM3\ARM_GCC_541\Debug\Cm3Start.o
 .comment       0x0000006e       0x6f .\CortexM3\ARM_GCC_541\Debug\Synthesizer.a(CyDmac.o)
 .comment       0x0000006e       0x6f .\CortexM3\ARM_GCC_541\Debug\Synthesizer.a(CyLib.o)
 .comment       0x0000006e       0x6f .\CortexM3\ARM_GCC_541\Debug\Synthesizer.a(cyPm.o)
 .comment       0x0000006e       0x6f .\CortexM3\ARM_GCC_541\Debug\Synthesizer.a(WaveDAC8_2.o)
 .comment       0x0000006e       0x6f .\CortexM3\ARM_GCC_541\Debug\Synthesizer.a(WaveDAC8_3.o)
 .comment       0x0000006e       0x6f .\CortexM3\ARM_GCC_541\Debug\Synthesizer.a(WaveDAC8_1.o)
 .comment       0x0000006e       0x6f .\CortexM3\ARM_GCC_541\Debug\Synthesizer.a(WaveDAC8_2_DacClk.o)
 .comment       0x0000006e       0x6f .\CortexM3\ARM_GCC_541\Debug\Synthesizer.a(WaveDAC8_2_Wave1_DMA_dma.o)
 .comment       0x0000006e       0x6f .\CortexM3\ARM_GCC_541\Debug\Synthesizer.a(WaveDAC8_2_Wave2_DMA_dma.o)
 .comment       0x0000006e       0x6f .\CortexM3\ARM_GCC_541\Debug\Synthesizer.a(WaveDAC8_2_VDAC8.o)
 .comment       0x0000006e       0x6f .\CortexM3\ARM_GCC_541\Debug\Synthesizer.a(WaveDAC8_3_DacClk.o)
 .comment       0x0000006e       0x6f .\CortexM3\ARM_GCC_541\Debug\Synthesizer.a(WaveDAC8_3_Wave1_DMA_dma.o)
 .comment       0x0000006e       0x6f .\CortexM3\ARM_GCC_541\Debug\Synthesizer.a(WaveDAC8_3_Wave2_DMA_dma.o)
 .comment       0x0000006e       0x6f .\CortexM3\ARM_GCC_541\Debug\Synthesizer.a(WaveDAC8_3_VDAC8.o)
 .comment       0x0000006e       0x6f .\CortexM3\ARM_GCC_541\Debug\Synthesizer.a(WaveDAC8_1_DacClk.o)
 .comment       0x0000006e       0x6f .\CortexM3\ARM_GCC_541\Debug\Synthesizer.a(WaveDAC8_1_Wave1_DMA_dma.o)
 .comment       0x0000006e       0x6f .\CortexM3\ARM_GCC_541\Debug\Synthesizer.a(WaveDAC8_1_Wave2_DMA_dma.o)
 .comment       0x0000006e       0x6f .\CortexM3\ARM_GCC_541\Debug\Synthesizer.a(WaveDAC8_1_VDAC8.o)
 .comment       0x0000006e       0x6f .\CortexM3\ARM_GCC_541\Debug\Synthesizer.a(WaveDAC8_4.o)
 .comment       0x0000006e       0x6f .\CortexM3\ARM_GCC_541\Debug\Synthesizer.a(WaveDAC8_4_DacClk.o)
 .comment       0x0000006e       0x6f .\CortexM3\ARM_GCC_541\Debug\Synthesizer.a(WaveDAC8_4_Wave1_DMA_dma.o)
 .comment       0x0000006e       0x6f .\CortexM3\ARM_GCC_541\Debug\Synthesizer.a(WaveDAC8_4_Wave2_DMA_dma.o)
 .comment       0x0000006e       0x6f .\CortexM3\ARM_GCC_541\Debug\Synthesizer.a(WaveDAC8_4_VDAC8.o)
 .comment       0x0000006e       0x6f .\CortexM3\ARM_GCC_541\Debug\Synthesizer.a(CyFlash.o)
 .comment       0x0000006e       0x6f .\CortexM3\ARM_GCC_541\Debug\Synthesizer.a(CySpc.o)

.debug_weaknames
 *(.debug_weaknames)

.debug_funcnames
 *(.debug_funcnames)

.debug_typenames
 *(.debug_typenames)

.debug_varnames
 *(.debug_varnames)

.note.gnu.arm.ident
 *(.note.gnu.arm.ident)

.ARM.attributes
                0x00000000       0x29
 *(.ARM.attributes)
 .ARM.attributes
                0x00000000       0x1d c:/program files (x86)/cypress/psoc creator/4.4/psoc creator/import/gnu/arm/5.4.1/bin/../lib/gcc/arm-none-eabi/5.4.1/armv7-m/crti.o
 .ARM.attributes
                0x0000001d       0x2d c:/program files (x86)/cypress/psoc creator/4.4/psoc creator/import/gnu/arm/5.4.1/bin/../lib/gcc/arm-none-eabi/5.4.1/armv7-m/crtbegin.o
 .ARM.attributes
                0x0000004a       0x1b c:/program files (x86)/cypress/psoc creator/4.4/psoc creator/import/gnu/arm/5.4.1/bin/../lib/gcc/arm-none-eabi/5.4.1/../../../../arm-none-eabi/lib/armv7-m/crt0.o
 .ARM.attributes
                0x00000065       0x33 .\CortexM3\ARM_GCC_541\Debug\main.o
 .ARM.attributes
                0x00000098       0x33 .\CortexM3\ARM_GCC_541\Debug\Music_Pieces.o
 .ARM.attributes
                0x000000cb       0x33 .\CortexM3\ARM_GCC_541\Debug\Helpers.o
 .ARM.attributes
                0x000000fe       0x33 .\CortexM3\ARM_GCC_541\Debug\cyfitter_cfg.o
 .ARM.attributes
                0x00000131       0x33 .\CortexM3\ARM_GCC_541\Debug\cymetadata.o
 .ARM.attributes
                0x00000164       0x33 .\CortexM3\ARM_GCC_541\Debug\Cm3Start.o
 .ARM.attributes
                0x00000197       0x33 .\CortexM3\ARM_GCC_541\Debug\Synthesizer.a(CyDmac.o)
 .ARM.attributes
                0x000001ca       0x33 .\CortexM3\ARM_GCC_541\Debug\Synthesizer.a(CyLib.o)
 .ARM.attributes
                0x000001fd       0x33 .\CortexM3\ARM_GCC_541\Debug\Synthesizer.a(cyPm.o)
 .ARM.attributes
                0x00000230       0x33 .\CortexM3\ARM_GCC_541\Debug\Synthesizer.a(WaveDAC8_2.o)
 .ARM.attributes
                0x00000263       0x33 .\CortexM3\ARM_GCC_541\Debug\Synthesizer.a(WaveDAC8_3.o)
 .ARM.attributes
                0x00000296       0x33 .\CortexM3\ARM_GCC_541\Debug\Synthesizer.a(WaveDAC8_1.o)
 .ARM.attributes
                0x000002c9       0x33 .\CortexM3\ARM_GCC_541\Debug\Synthesizer.a(WaveDAC8_2_DacClk.o)
 .ARM.attributes
                0x000002fc       0x33 .\CortexM3\ARM_GCC_541\Debug\Synthesizer.a(WaveDAC8_2_Wave1_DMA_dma.o)
 .ARM.attributes
                0x0000032f       0x33 .\CortexM3\ARM_GCC_541\Debug\Synthesizer.a(WaveDAC8_2_Wave2_DMA_dma.o)
 .ARM.attributes
                0x00000362       0x33 .\CortexM3\ARM_GCC_541\Debug\Synthesizer.a(WaveDAC8_2_VDAC8.o)
 .ARM.attributes
                0x00000395       0x33 .\CortexM3\ARM_GCC_541\Debug\Synthesizer.a(WaveDAC8_3_DacClk.o)
 .ARM.attributes
                0x000003c8       0x33 .\CortexM3\ARM_GCC_541\Debug\Synthesizer.a(WaveDAC8_3_Wave1_DMA_dma.o)
 .ARM.attributes
                0x000003fb       0x33 .\CortexM3\ARM_GCC_541\Debug\Synthesizer.a(WaveDAC8_3_Wave2_DMA_dma.o)
 .ARM.attributes
                0x0000042e       0x33 .\CortexM3\ARM_GCC_541\Debug\Synthesizer.a(WaveDAC8_3_VDAC8.o)
 .ARM.attributes
                0x00000461       0x33 .\CortexM3\ARM_GCC_541\Debug\Synthesizer.a(WaveDAC8_1_DacClk.o)
 .ARM.attributes
                0x00000494       0x33 .\CortexM3\ARM_GCC_541\Debug\Synthesizer.a(WaveDAC8_1_Wave1_DMA_dma.o)
 .ARM.attributes
                0x000004c7       0x33 .\CortexM3\ARM_GCC_541\Debug\Synthesizer.a(WaveDAC8_1_Wave2_DMA_dma.o)
 .ARM.attributes
                0x000004fa       0x33 .\CortexM3\ARM_GCC_541\Debug\Synthesizer.a(WaveDAC8_1_VDAC8.o)
 .ARM.attributes
                0x0000052d       0x33 .\CortexM3\ARM_GCC_541\Debug\Synthesizer.a(WaveDAC8_4.o)
 .ARM.attributes
                0x00000560       0x33 .\CortexM3\ARM_GCC_541\Debug\Synthesizer.a(WaveDAC8_4_DacClk.o)
 .ARM.attributes
                0x00000593       0x33 .\CortexM3\ARM_GCC_541\Debug\Synthesizer.a(WaveDAC8_4_Wave1_DMA_dma.o)
 .ARM.attributes
                0x000005c6       0x33 .\CortexM3\ARM_GCC_541\Debug\Synthesizer.a(WaveDAC8_4_Wave2_DMA_dma.o)
 .ARM.attributes
                0x000005f9       0x33 .\CortexM3\ARM_GCC_541\Debug\Synthesizer.a(WaveDAC8_4_VDAC8.o)
 .ARM.attributes
                0x0000062c       0x21 .\CortexM3\ARM_GCC_541\Debug\Synthesizer.a(CyBootAsmGnu.o)
 .ARM.attributes
                0x0000064d       0x33 .\CortexM3\ARM_GCC_541\Debug\Synthesizer.a(CyFlash.o)
 .ARM.attributes
                0x00000680       0x33 .\CortexM3\ARM_GCC_541\Debug\Synthesizer.a(CySpc.o)
 .ARM.attributes
                0x000006b3       0x2d c:/program files (x86)/cypress/psoc creator/4.4/psoc creator/import/gnu/arm/5.4.1/bin/../lib/gcc/arm-none-eabi/5.4.1/../../../../arm-none-eabi/lib/armv7-m\libg_nano.a(lib_a-errno.o)
 .ARM.attributes
                0x000006e0       0x2d c:/program files (x86)/cypress/psoc creator/4.4/psoc creator/import/gnu/arm/5.4.1/bin/../lib/gcc/arm-none-eabi/5.4.1/../../../../arm-none-eabi/lib/armv7-m\libg_nano.a(lib_a-exit.o)
 .ARM.attributes
                0x0000070d       0x2d c:/program files (x86)/cypress/psoc creator/4.4/psoc creator/import/gnu/arm/5.4.1/bin/../lib/gcc/arm-none-eabi/5.4.1/../../../../arm-none-eabi/lib/armv7-m\libg_nano.a(lib_a-impure.o)
 .ARM.attributes
                0x0000073a       0x2d c:/program files (x86)/cypress/psoc creator/4.4/psoc creator/import/gnu/arm/5.4.1/bin/../lib/gcc/arm-none-eabi/5.4.1/../../../../arm-none-eabi/lib/armv7-m\libg_nano.a(lib_a-init.o)
 .ARM.attributes
                0x00000767       0x2d c:/program files (x86)/cypress/psoc creator/4.4/psoc creator/import/gnu/arm/5.4.1/bin/../lib/gcc/arm-none-eabi/5.4.1/../../../../arm-none-eabi/lib/armv7-m\libg_nano.a(lib_a-memcpy-stub.o)
 .ARM.attributes
                0x00000794       0x2d c:/program files (x86)/cypress/psoc creator/4.4/psoc creator/import/gnu/arm/5.4.1/bin/../lib/gcc/arm-none-eabi/5.4.1/../../../../arm-none-eabi/lib/armv7-m\libg_nano.a(lib_a-memset.o)
 .ARM.attributes
                0x000007c1       0x2d c:/program files (x86)/cypress/psoc creator/4.4/psoc creator/import/gnu/arm/5.4.1/bin/../lib/gcc/arm-none-eabi/5.4.1/armv7-m/crtend.o
 .ARM.attributes
                0x000007ee       0x1d c:/program files (x86)/cypress/psoc creator/4.4/psoc creator/import/gnu/arm/5.4.1/bin/../lib/gcc/arm-none-eabi/5.4.1/armv7-m/crtn.o

/DISCARD/
 *(.note.GNU-stack)
OUTPUT(C:\Users\sepp2\Desktop\Schule\DIC\4BHEL\In_Bearbeitung\PSOC\Synthie\Synthesizer.cydsn\CortexM3\ARM_GCC_541\Debug\Synthesizer.elf elf32-littlearm)
